Archive member included to satisfy reference by file (symbol)

c:/program files (x86)/atmel/studio/7.0/toolchain/arm/arm-gnu-toolchain/bin/../lib/gcc/arm-none-eabi/5.3.1/armv7e-m\libgcc.a(_aeabi_uldivmod.o)
                              src/main.o (__aeabi_uldivmod)
c:/program files (x86)/atmel/studio/7.0/toolchain/arm/arm-gnu-toolchain/bin/../lib/gcc/arm-none-eabi/5.3.1/armv7e-m\libgcc.a(_udivmoddi4.o)
                              c:/program files (x86)/atmel/studio/7.0/toolchain/arm/arm-gnu-toolchain/bin/../lib/gcc/arm-none-eabi/5.3.1/armv7e-m\libgcc.a(_aeabi_uldivmod.o) (__udivmoddi4)
c:/program files (x86)/atmel/studio/7.0/toolchain/arm/arm-gnu-toolchain/bin/../lib/gcc/arm-none-eabi/5.3.1/armv7e-m\libgcc.a(_dvmd_tls.o)
                              c:/program files (x86)/atmel/studio/7.0/toolchain/arm/arm-gnu-toolchain/bin/../lib/gcc/arm-none-eabi/5.3.1/armv7e-m\libgcc.a(_aeabi_uldivmod.o) (__aeabi_ldiv0)
c:/program files (x86)/atmel/studio/7.0/toolchain/arm/arm-gnu-toolchain/bin/../lib/gcc/arm-none-eabi/5.3.1/../../../../arm-none-eabi/lib/armv7e-m\libc.a(lib_a-exit.o)
                              c:/program files (x86)/atmel/studio/7.0/toolchain/arm/arm-gnu-toolchain/bin/../lib/gcc/arm-none-eabi/5.3.1/../../../../arm-none-eabi/lib/armv7e-m/crt0.o (exit)
c:/program files (x86)/atmel/studio/7.0/toolchain/arm/arm-gnu-toolchain/bin/../lib/gcc/arm-none-eabi/5.3.1/../../../../arm-none-eabi/lib/armv7e-m\libc.a(lib_a-impure.o)
                              c:/program files (x86)/atmel/studio/7.0/toolchain/arm/arm-gnu-toolchain/bin/../lib/gcc/arm-none-eabi/5.3.1/../../../../arm-none-eabi/lib/armv7e-m\libc.a(lib_a-exit.o) (_global_impure_ptr)
c:/program files (x86)/atmel/studio/7.0/toolchain/arm/arm-gnu-toolchain/bin/../lib/gcc/arm-none-eabi/5.3.1/../../../../arm-none-eabi/lib/armv7e-m\libc.a(lib_a-init.o)
                              c:/program files (x86)/atmel/studio/7.0/toolchain/arm/arm-gnu-toolchain/bin/../lib/gcc/arm-none-eabi/5.3.1/../../../../arm-none-eabi/lib/armv7e-m/crt0.o (__libc_init_array)
c:/program files (x86)/atmel/studio/7.0/toolchain/arm/arm-gnu-toolchain/bin/../lib/gcc/arm-none-eabi/5.3.1/../../../../arm-none-eabi/lib/armv7e-m\libc.a(lib_a-memset.o)
                              c:/program files (x86)/atmel/studio/7.0/toolchain/arm/arm-gnu-toolchain/bin/../lib/gcc/arm-none-eabi/5.3.1/../../../../arm-none-eabi/lib/armv7e-m/crt0.o (memset)
c:/program files (x86)/atmel/studio/7.0/toolchain/arm/arm-gnu-toolchain/bin/../lib/gcc/arm-none-eabi/5.3.1/../../../../arm-none-eabi/lib/armv7e-m\libc.a(lib_a-sprintf.o)
                              src/main.o (sprintf)
c:/program files (x86)/atmel/studio/7.0/toolchain/arm/arm-gnu-toolchain/bin/../lib/gcc/arm-none-eabi/5.3.1/../../../../arm-none-eabi/lib/armv7e-m\libc.a(lib_a-svfprintf.o)
                              c:/program files (x86)/atmel/studio/7.0/toolchain/arm/arm-gnu-toolchain/bin/../lib/gcc/arm-none-eabi/5.3.1/../../../../arm-none-eabi/lib/armv7e-m\libc.a(lib_a-sprintf.o) (_svfprintf_r)
c:/program files (x86)/atmel/studio/7.0/toolchain/arm/arm-gnu-toolchain/bin/../lib/gcc/arm-none-eabi/5.3.1/../../../../arm-none-eabi/lib/armv7e-m\libc.a(lib_a-__call_atexit.o)
                              c:/program files (x86)/atmel/studio/7.0/toolchain/arm/arm-gnu-toolchain/bin/../lib/gcc/arm-none-eabi/5.3.1/../../../../arm-none-eabi/lib/armv7e-m\libc.a(lib_a-exit.o) (__call_exitprocs)
c:/program files (x86)/atmel/studio/7.0/toolchain/arm/arm-gnu-toolchain/bin/../lib/gcc/arm-none-eabi/5.3.1/../../../../arm-none-eabi/lib/armv7e-m\libc.a(lib_a-atexit.o)
                              c:/program files (x86)/atmel/studio/7.0/toolchain/arm/arm-gnu-toolchain/bin/../lib/gcc/arm-none-eabi/5.3.1/../../../../arm-none-eabi/lib/armv7e-m\libc.a(lib_a-__call_atexit.o) (atexit)
c:/program files (x86)/atmel/studio/7.0/toolchain/arm/arm-gnu-toolchain/bin/../lib/gcc/arm-none-eabi/5.3.1/../../../../arm-none-eabi/lib/armv7e-m\libc.a(lib_a-dtoa.o)
                              c:/program files (x86)/atmel/studio/7.0/toolchain/arm/arm-gnu-toolchain/bin/../lib/gcc/arm-none-eabi/5.3.1/../../../../arm-none-eabi/lib/armv7e-m\libc.a(lib_a-svfprintf.o) (_dtoa_r)
c:/program files (x86)/atmel/studio/7.0/toolchain/arm/arm-gnu-toolchain/bin/../lib/gcc/arm-none-eabi/5.3.1/../../../../arm-none-eabi/lib/armv7e-m\libc.a(lib_a-fini.o)
                              c:/program files (x86)/atmel/studio/7.0/toolchain/arm/arm-gnu-toolchain/bin/../lib/gcc/arm-none-eabi/5.3.1/../../../../arm-none-eabi/lib/armv7e-m\libc.a(lib_a-__call_atexit.o) (__libc_fini_array)
c:/program files (x86)/atmel/studio/7.0/toolchain/arm/arm-gnu-toolchain/bin/../lib/gcc/arm-none-eabi/5.3.1/../../../../arm-none-eabi/lib/armv7e-m\libc.a(lib_a-locale.o)
                              c:/program files (x86)/atmel/studio/7.0/toolchain/arm/arm-gnu-toolchain/bin/../lib/gcc/arm-none-eabi/5.3.1/../../../../arm-none-eabi/lib/armv7e-m\libc.a(lib_a-svfprintf.o) (_localeconv_r)
[...]
Memory Configuration

Name             Origin             Length             Attributes
rom              0x00400000         0x00200000         xr
ram              0x20400000         0x00060000         xrw
*default*        0x00000000         0xffffffff

Linker script and memory map

LOAD c:/program files (x86)/atmel/studio/7.0/toolchain/arm/arm-gnu-toolchain/bin/../lib/gcc/arm-none-eabi/5.3.1/armv7e-m/crti.o
LOAD c:/program files (x86)/atmel/studio/7.0/toolchain/arm/arm-gnu-toolchain/bin/../lib/gcc/arm-none-eabi/5.3.1/armv7e-m/crtbegin.o
LOAD c:/program files (x86)/atmel/studio/7.0/toolchain/arm/arm-gnu-toolchain/bin/../lib/gcc/arm-none-eabi/5.3.1/../../../../arm-none-eabi/lib/armv7e-m/crt0.o
LOAD src/ASF/common/services/clock/same70/sysclk.o
LOAD src/ASF/common/services/delay/sam/cycle_counter.o
LOAD src/ASF/common/services/serial/usart_serial.o
LOAD src/ASF/common/services/sleepmgr/sam/sleepmgr.o
LOAD src/ASF/common/utils/interrupt/interrupt_sam_nvic.o
LOAD src/ASF/common/utils/stdio/read.o
LOAD src/ASF/common/utils/stdio/write.o
LOAD src/ASF/sam/boards/same70_xplained/init.o
LOAD src/ASF/sam/drivers/matrix/matrix.o
LOAD src/ASF/sam/drivers/mpu/mpu.o
LOAD src/ASF/sam/drivers/pio/pio.o
LOAD src/ASF/sam/drivers/pio/pio_handler.o
LOAD src/ASF/sam/drivers/pmc/pmc.o
LOAD src/ASF/sam/drivers/pmc/sleep.o
LOAD src/ASF/sam/drivers/rtc/rtc.o
LOAD src/ASF/sam/drivers/tc/tc.o
LOAD src/ASF/sam/drivers/uart/uart.o
LOAD src/ASF/sam/drivers/usart/usart.o
LOAD src/ASF/sam/drivers/xdmac/xdmac.o
LOAD src/ASF/sam/utils/cmsis/same70/source/templates/gcc/startup_same70.o
LOAD src/ASF/sam/utils/cmsis/same70/source/templates/system_same70.o
LOAD src/ASF/sam/utils/syscalls/gcc/syscalls.o
LOAD src/main.o
START GROUP
LOAD ../src/ASF/thirdparty/CMSIS/Lib/GCC\libarm_cortexM7lfsp_math_softfp.a
LOAD c:/program files (x86)/atmel/studio/7.0/toolchain/arm/arm-gnu-toolchain/bin/../lib/gcc/arm-none-eabi/5.3.1/../../../../arm-none-eabi/lib/armv7e-m\libm.a
END GROUP
START GROUP
LOAD c:/program files (x86)/atmel/studio/7.0/toolchain/arm/arm-gnu-toolchain/bin/../lib/gcc/arm-none-eabi/5.3.1/armv7e-m\libgcc.a
LOAD c:/program files (x86)/atmel/studio/7.0/toolchain/arm/arm-gnu-toolchain/bin/../lib/gcc/arm-none-eabi/5.3.1/../../../../arm-none-eabi/lib/armv7e-m\libc.a
END GROUP
LOAD c:/program files (x86)/atmel/studio/7.0/toolchain/arm/arm-gnu-toolchain/bin/../lib/gcc/arm-none-eabi/5.3.1/armv7e-m/crtend.o
LOAD c:/program files (x86)/atmel/studio/7.0/toolchain/arm/arm-gnu-toolchain/bin/../lib/gcc/arm-none-eabi/5.3.1/armv7e-m/crtn.o
                0x00002000                STACK_SIZE = DEFINED (STACK_SIZE)?STACK_SIZE:0x2000
                0x2045fffc                __ram_end__ = ((ORIGIN (ram) + LENGTH (ram)) - 0x4)
                0x00000200                HEAP_SIZE = DEFINED (HEAP_SIZE)?HEAP_SIZE:0x200

.text           0x00400000     0x6850
                0x00400000                . = ALIGN (0x4)
                0x00400000                _sfixed = .
 *(.vectors .vectors.*)
 .vectors       0x00400000      0x140 src/ASF/sam/utils/cmsis/same70/source/templates/gcc/startup_same70.o
                0x00400000                exception_table
 *(.text .text.* .gnu.linkonce.t.*)
 .text          0x00400140       0x5c c:/program files (x86)/atmel/studio/7.0/toolchain/arm/arm-gnu-toolchain/bin/../lib/gcc/arm-none-eabi/5.3.1/armv7e-m/crtbegin.o
 .text.osc_enable
                0x0040019c       0x88 src/ASF/common/services/clock/same70/sysclk.o
 .text.osc_is_ready
                0x00400224       0x70 src/ASF/common/services/clock/same70/sysclk.o
 .text.osc_get_rate
                0x00400294       0x74 src/ASF/common/services/clock/same70/sysclk.o
 .text.osc_wait_ready
                0x00400308       0x2c src/ASF/common/services/clock/same70/sysclk.o
 .text.pll_config_init
                0x00400334       0x6c src/ASF/common/services/clock/same70/sysclk.o
 .text.pll_enable
                0x004003a0       0x40 src/ASF/common/services/clock/same70/sysclk.o
 .text.pll_is_locked
                0x004003e0       0x2c src/ASF/common/services/clock/same70/sysclk.o
 .text.pll_enable_source
                0x0040040c       0x38 src/ASF/common/services/clock/same70/sysclk.o
 .text.pll_wait_for_lock
                0x00400444       0x24 src/ASF/common/services/clock/same70/sysclk.o
 .text.sysclk_get_main_hz
                0x00400468       0x20 src/ASF/common/services/clock/same70/sysclk.o
 .text.sysclk_get_cpu_hz
                0x00400488       0x14 src/ASF/common/services/clock/same70/sysclk.o
 .text.sysclk_init
                0x0040049c       0x7c src/ASF/common/services/clock/same70/sysclk.o
                0x0040049c                sysclk_init
 .text.pio_pull_up
                0x00400518       0x2c src/ASF/sam/drivers/pio/pio.o
                0x00400518                pio_pull_up
 .text.pio_set  0x00400544       0x1c src/ASF/sam/drivers/pio/pio.o
                0x00400544                pio_set
 .text.pio_clear
                0x00400560       0x1c src/ASF/sam/drivers/pio/pio.o
                0x00400560                pio_clear
 .text.pio_set_peripheral
                0x0040057c      0x110 src/ASF/sam/drivers/pio/pio.o
                0x0040057c                pio_set_peripheral
 .text.pio_set_input
                0x0040068c       0x80 src/ASF/sam/drivers/pio/pio.o
                0x0040068c                pio_set_input
 .text.pio_set_output
                0x0040070c       0x64 src/ASF/sam/drivers/pio/pio.o
                0x0040070c                pio_set_output
 .text.pio_get_output_data_status
                0x00400770       0x28 src/ASF/sam/drivers/pio/pio.o
                0x00400770                pio_get_output_data_status
 .text.pio_configure_interrupt
                0x00400798       0x6c src/ASF/sam/drivers/pio/pio.o
                0x00400798                pio_configure_interrupt
 .text.pio_enable_interrupt
                0x00400804       0x1c src/ASF/sam/drivers/pio/pio.o
                0x00400804                pio_enable_interrupt
 .text.pio_disable_interrupt
                0x00400820       0x1c src/ASF/sam/drivers/pio/pio.o
                0x00400820                pio_disable_interrupt
 .text.pio_get_interrupt_status
                0x0040083c       0x18 src/ASF/sam/drivers/pio/pio.o
                0x0040083c                pio_get_interrupt_status
 .text.pio_get_interrupt_mask
                0x00400854       0x18 src/ASF/sam/drivers/pio/pio.o
                0x00400854                pio_get_interrupt_mask
 .text.pio_handler_process
                0x0040086c       0xb4 src/ASF/sam/drivers/pio/pio_handler.o
                0x0040086c                pio_handler_process
 .text.pio_handler_set
                0x00400920       0xa0 src/ASF/sam/drivers/pio/pio_handler.o
                0x00400920                pio_handler_set
 .text.PIOA_Handler
                0x004009c0       0x18 src/ASF/sam/drivers/pio/pio_handler.o
                0x004009c0                PIOA_Handler
 .text.PIOB_Handler
                0x004009d8       0x18 src/ASF/sam/drivers/pio/pio_handler.o
                0x004009d8                PIOB_Handler
 .text.PIOC_Handler
                0x004009f0       0x18 src/ASF/sam/drivers/pio/pio_handler.o
                0x004009f0                PIOC_Handler
 .text.PIOD_Handler
                0x00400a08       0x18 src/ASF/sam/drivers/pio/pio_handler.o
                0x00400a08                PIOD_Handler
 .text.PIOE_Handler
                0x00400a20       0x18 src/ASF/sam/drivers/pio/pio_handler.o
                0x00400a20                PIOE_Handler
 .text.pmc_mck_set_division
                0x00400a38       0x7c src/ASF/sam/drivers/pmc/pmc.o
                0x00400a38                pmc_mck_set_division
 .text.pmc_switch_mck_to_pllack
                0x00400ab4       0x84 src/ASF/sam/drivers/pmc/pmc.o
                0x00400ab4                pmc_switch_mck_to_pllack
 .text.pmc_switch_sclk_to_32kxtal
                0x00400b38       0x38 src/ASF/sam/drivers/pmc/pmc.o
                0x00400b38                pmc_switch_sclk_to_32kxtal
 .text.pmc_osc_is_ready_32kxtal
                0x00400b70       0x34 src/ASF/sam/drivers/pmc/pmc.o
                0x00400b70                pmc_osc_is_ready_32kxtal
 .text.pmc_switch_mainck_to_fastrc
                0x00400ba4       0x70 src/ASF/sam/drivers/pmc/pmc.o
                0x00400ba4                pmc_switch_mainck_to_fastrc
 .text.pmc_switch_mainck_to_xtal
                0x00400c14       0x78 src/ASF/sam/drivers/pmc/pmc.o
                0x00400c14                pmc_switch_mainck_to_xtal
 .text.pmc_osc_is_ready_mainck
                0x00400c8c       0x1c src/ASF/sam/drivers/pmc/pmc.o
                0x00400c8c                pmc_osc_is_ready_mainck
 .text.pmc_disable_pllack
                0x00400ca8       0x1c src/ASF/sam/drivers/pmc/pmc.o
                0x00400ca8                pmc_disable_pllack
 .text.pmc_is_locked_pllack
                0x00400cc4       0x1c src/ASF/sam/drivers/pmc/pmc.o
                0x00400cc4                pmc_is_locked_pllack
 .text.pmc_is_locked_upll
                0x00400ce0       0x1c src/ASF/sam/drivers/pmc/pmc.o
                0x00400ce0                pmc_is_locked_upll
 .text.pmc_enable_periph_clk
                0x00400cfc       0x84 src/ASF/sam/drivers/pmc/pmc.o
                0x00400cfc                pmc_enable_periph_clk
 .text.uart_is_tx_empty
                0x00400d80       0x28 src/ASF/sam/drivers/uart/uart.o
                0x00400d80                uart_is_tx_empty
 .text.uart_write
                0x00400da8       0x30 src/ASF/sam/drivers/uart/uart.o
                0x00400da8                uart_write
 .text.uart_read
                0x00400dd8       0x34 src/ASF/sam/drivers/uart/uart.o
                0x00400dd8                uart_read
 .text.usart_set_async_baudrate
                0x00400e0c       0x8c src/ASF/sam/drivers/usart/usart.o
                0x00400e0c                usart_set_async_baudrate
 .text.usart_reset
                0x00400e98       0x54 src/ASF/sam/drivers/usart/usart.o
                0x00400e98                usart_reset
 .text.usart_init_rs232
                0x00400eec       0x84 src/ASF/sam/drivers/usart/usart.o
                0x00400eec                usart_init_rs232
 .text.usart_enable_tx
                0x00400f70       0x1c src/ASF/sam/drivers/usart/usart.o
                0x00400f70                usart_enable_tx
 .text.usart_reset_tx
                0x00400f8c       0x1c src/ASF/sam/drivers/usart/usart.o
                0x00400f8c                usart_reset_tx
 .text.usart_enable_rx
                0x00400fa8       0x1c src/ASF/sam/drivers/usart/usart.o
                0x00400fa8                usart_enable_rx
 .text.usart_reset_rx
                0x00400fc4       0x1c src/ASF/sam/drivers/usart/usart.o
                0x00400fc4                usart_reset_rx
 .text.usart_enable_interrupt
                0x00400fe0       0x1c src/ASF/sam/drivers/usart/usart.o
                0x00400fe0                usart_enable_interrupt
 .text.usart_get_status
                0x00400ffc       0x18 src/ASF/sam/drivers/usart/usart.o
                0x00400ffc                usart_get_status
 .text.usart_reset_status
                0x00401014       0x1c src/ASF/sam/drivers/usart/usart.o
                0x00401014                usart_reset_status
 .text.usart_drive_RTS_pin_high
                0x00401030       0x1c src/ASF/sam/drivers/usart/usart.o
                0x00401030                usart_drive_RTS_pin_high
 .text.usart_write
                0x0040104c       0x34 src/ASF/sam/drivers/usart/usart.o
                0x0040104c                usart_write
 .text.usart_read
                0x00401080       0x34 src/ASF/sam/drivers/usart/usart.o
                0x00401080                usart_read
 .text.usart_disable_writeprotect
                0x004010b4       0x20 src/ASF/sam/drivers/usart/usart.o
                0x004010b4                usart_disable_writeprotect
 .text.cpu_irq_save
                0x004010d4       0x38 src/ASF/sam/utils/cmsis/same70/source/templates/gcc/startup_same70.o
 .text.cpu_irq_is_enabled_flags
                0x0040110c       0x20 src/ASF/sam/utils/cmsis/same70/source/templates/gcc/startup_same70.o
 .text.cpu_irq_restore
                0x0040112c       0x30 src/ASF/sam/utils/cmsis/same70/source/templates/gcc/startup_same70.o
 .text.Reset_Handler
                0x0040115c       0xb0 src/ASF/sam/utils/cmsis/same70/source/templates/gcc/startup_same70.o
                0x0040115c                Reset_Handler
 .text.Dummy_Handler
                0x0040120c        0x8 src/ASF/sam/utils/cmsis/same70/source/templates/gcc/startup_same70.o
                0x0040120c                DACC_Handler
                0x0040120c                DebugMon_Handler
                0x0040120c                UART3_Handler
                0x0040120c                UART2_Handler
                0x0040120c                TRNG_Handler
                0x0040120c                HardFault_Handler
                0x0040120c                TC2_Handler
                0x0040120c                SysTick_Handler
                0x0040120c                AFEC1_Handler
                0x0040120c                PendSV_Handler
                0x0040120c                NMI_Handler
                0x0040120c                TC7_Handler
                0x0040120c                QSPI_Handler
                0x0040120c                ISI_Handler
                0x0040120c                TC9_Handler
                0x0040120c                RSWDT_Handler
                0x0040120c                MCAN1_Handler
                0x0040120c                USART0_Handler
                0x0040120c                RTT_Handler
                0x0040120c                USBHS_Handler
                0x0040120c                RTC_Handler
                0x0040120c                UsageFault_Handler
                0x0040120c                TC6_Handler
                0x0040120c                WDT_Handler
                0x0040120c                TC4_Handler
                0x0040120c                TC1_Handler
                0x0040120c                HSMCI_Handler
                0x0040120c                UART1_Handler
                0x0040120c                TC3_Handler
                0x0040120c                Dummy_Handler
                0x0040120c                TWIHS1_Handler
                0x0040120c                XDMAC_Handler
                0x0040120c                UART4_Handler
                0x0040120c                PWM1_Handler
                0x0040120c                PWM0_Handler
                0x0040120c                AFEC0_Handler
                0x0040120c                TC11_Handler
                0x0040120c                SSC_Handler
                0x0040120c                ACC_Handler
                0x0040120c                PMC_Handler
                0x0040120c                GMAC_Handler
                0x0040120c                MemManage_Handler
                0x0040120c                SUPC_Handler
                0x0040120c                SVC_Handler
                0x0040120c                TC8_Handler
                0x0040120c                EFC_Handler
                0x0040120c                USART2_Handler
                0x0040120c                SDRAMC_Handler
                0x0040120c                SPI1_Handler
                0x0040120c                MCAN0_Handler
                0x0040120c                TC10_Handler
                0x0040120c                TWIHS2_Handler
                0x0040120c                UART0_Handler
                0x0040120c                BusFault_Handler
                0x0040120c                RSTC_Handler
                0x0040120c                TC0_Handler
                0x0040120c                TC5_Handler
                0x0040120c                AES_Handler
                0x0040120c                ICM_Handler
                0x0040120c                TWIHS0_Handler
                0x0040120c                SPI0_Handler
 .text.SystemCoreClockUpdate
                0x00401214      0x16c src/ASF/sam/utils/cmsis/same70/source/templates/system_same70.o
                0x00401214                SystemCoreClockUpdate
 .text.system_init_flash
                0x00401380       0x98 src/ASF/sam/utils/cmsis/same70/source/templates/system_same70.o
                0x00401380                system_init_flash
 .text._sbrk    0x00401418       0x58 src/ASF/sam/utils/syscalls/gcc/syscalls.o
                0x00401418                _sbrk
 .text.NVIC_EnableIRQ
                0x00401470       0x34 src/main.o
 .text.NVIC_SetPriority
                0x004014a4       0x54 src/main.o
 .text.osc_get_rate
                0x004014f8       0x74 src/main.o
 .text.sysclk_get_main_hz
                0x0040156c       0x20 src/main.o
 .text.sysclk_get_cpu_hz
                0x0040158c       0x14 src/main.o
 .text.sysclk_get_peripheral_hz
                0x004015a0       0x14 src/main.o
 .text.sysclk_enable_peripheral_clock
                0x004015b4       0x1c src/main.o
 .text.usart_serial_putchar
                0x004015d0      0x10c src/main.o
 .text.usart_serial_getchar
                0x004016dc      0x108 src/main.o
 .text.Button1_Handler
                0x004017e4       0x34 src/main.o
 .text.USART1_Handler
                0x00401818       0x44 src/main.o
                0x00401818                USART1_Handler
 .text.pin_toggle
                0x0040185c       0x40 src/main.o
                0x0040185c                pin_toggle
 .text.BUT_init
                0x0040189c       0x6c src/main.o
                0x0040189c                BUT_init
 .text.LED_init
                0x00401908       0x34 src/main.o
                0x00401908                LED_init
 .text.USART1_init
                0x0040193c       0xb0 src/main.o
 .text.usart_puts
                0x004019ec       0x54 src/main.o
                0x004019ec                usart_puts
 .text.main     0x00401a40       0xe4 src/main.o
                0x00401a40                main
 .text          0x00401b24       0x30 c:/program files (x86)/atmel/studio/7.0/toolchain/arm/arm-gnu-toolchain/bin/../lib/gcc/arm-none-eabi/5.3.1/armv7e-m\libgcc.a(_aeabi_uldivmod.o)
                0x00401b24                __aeabi_uldivmod
 .text          0x00401b54      0x2e4 c:/program files (x86)/atmel/studio/7.0/toolchain/arm/arm-gnu-toolchain/bin/../lib/gcc/arm-none-eabi/5.3.1/armv7e-m\libgcc.a(_udivmoddi4.o)
                0x00401b54                __udivmoddi4
 .text          0x00401e38        0x4 c:/program files (x86)/atmel/studio/7.0/toolchain/arm/arm-gnu-toolchain/bin/../lib/gcc/arm-none-eabi/5.3.1/armv7e-m\libgcc.a(_dvmd_tls.o)
                0x00401e38                __aeabi_idiv0
                0x00401e38                __aeabi_ldiv0
 .text.__libc_init_array
                0x00401e3c       0x50 c:/program files (x86)/atmel/studio/7.0/toolchain/arm/arm-gnu-toolchain/bin/../lib/gcc/arm-none-eabi/5.3.1/../../../../arm-none-eabi/lib/armv7e-m\libc.a(lib_a-init.o)
                0x00401e3c                __libc_init_array
 .text.memset   0x00401e8c       0x9c c:/program files (x86)/atmel/studio/7.0/toolchain/arm/arm-gnu-toolchain/bin/../lib/gcc/arm-none-eabi/5.3.1/../../../../arm-none-eabi/lib/armv7e-m\libc.a(lib_a-memset.o)
                0x00401e8c                memset
 .text.sprintf  0x00401f28       0x4c c:/program files (x86)/atmel/studio/7.0/toolchain/arm/arm-gnu-toolchain/bin/../lib/gcc/arm-none-eabi/5.3.1/../../../../arm-none-eabi/lib/armv7e-m\libc.a(lib_a-sprintf.o)
                0x00401f28                sprintf
 .text._svfprintf_r
                0x00401f74     0x169c c:/program files (x86)/atmel/studio/7.0/toolchain/arm/arm-gnu-toolchain/bin/../lib/gcc/arm-none-eabi/5.3.1/../../../../arm-none-eabi/lib/armv7e-m\libc.a(lib_a-svfprintf.o)
                0x00401f74                _svfprintf_r
 .text.startup.register_fini
                0x00403610       0x14 c:/program files (x86)/atmel/studio/7.0/toolchain/arm/arm-gnu-toolchain/bin/../lib/gcc/arm-none-eabi/5.3.1/../../../../arm-none-eabi/lib/armv7e-m\libc.a(lib_a-__call_atexit.o)
 .text.atexit   0x00403624        0xc c:/program files (x86)/atmel/studio/7.0/toolchain/arm/arm-gnu-toolchain/bin/../lib/gcc/arm-none-eabi/5.3.1/../../../../arm-none-eabi/lib/armv7e-m\libc.a(lib_a-atexit.o)
                0x00403624                atexit
 .text.quorem   0x00403630      0x128 c:/program files (x86)/atmel/studio/7.0/toolchain/arm/arm-gnu-toolchain/bin/../lib/gcc/arm-none-eabi/5.3.1/../../../../arm-none-eabi/lib/armv7e-m\libc.a(lib_a-dtoa.o)
 .text._dtoa_r  0x00403758      0xe58 c:/program files (x86)/atmel/studio/7.0/toolchain/arm/arm-gnu-toolchain/bin/../lib/gcc/arm-none-eabi/5.3.1/../../../../arm-none-eabi/lib/armv7e-m\libc.a(lib_a-dtoa.o)
                0x00403758                _dtoa_r
 .text.__libc_fini_array
                0x004045b0       0x28 c:/program files (x86)/atmel/studio/7.0/toolchain/arm/arm-gnu-toolchain/bin/../lib/gcc/arm-none-eabi/5.3.1/../../../../arm-none-eabi/lib/armv7e-m\libc.a(lib_a-fini.o)
                0x004045b0                __libc_fini_array
 .text._localeconv_r
                0x004045d8        0x8 c:/program files (x86)/atmel/studio/7.0/toolchain/arm/arm-gnu-toolchain/bin/../lib/gcc/arm-none-eabi/5.3.1/../../../../arm-none-eabi/lib/armv7e-m\libc.a(lib_a-locale.o)
                0x004045d8                _localeconv_r
 .text._malloc_r
                0x004045e0      0x570 c:/program files (x86)/atmel/studio/7.0/toolchain/arm/arm-gnu-toolchain/bin/../lib/gcc/arm-none-eabi/5.3.1/../../../../arm-none-eabi/lib/armv7e-m\libc.a(lib_a-mallocr.o)
                0x004045e0                _malloc_r
 .text          0x00404b50       0xa0 c:/program files (x86)/atmel/studio/7.0/toolchain/arm/arm-gnu-toolchain/bin/../lib/gcc/arm-none-eabi/5.3.1/../../../../arm-none-eabi/lib/armv7e-m\libc.a(lib_a-memchr.o)
                0x00404b50                memchr
 .text          0x00404bf0      0x134 c:/program files (x86)/atmel/studio/7.0/toolchain/arm/arm-gnu-toolchain/bin/../lib/gcc/arm-none-eabi/5.3.1/../../../../arm-none-eabi/lib/armv7e-m\libc.a(lib_a-memcpy.o)
                0x00404bf0                memcpy
 .text.__malloc_lock
                0x00404d24        0x4 c:/program files (x86)/atmel/studio/7.0/toolchain/arm/arm-gnu-toolchain/bin/../lib/gcc/arm-none-eabi/5.3.1/../../../../arm-none-eabi/lib/armv7e-m\libc.a(lib_a-mlock.o)
                0x00404d24                __malloc_lock
 .text.__malloc_unlock
                0x00404d28        0x4 c:/program files (x86)/atmel/studio/7.0/toolchain/arm/arm-gnu-toolchain/bin/../lib/gcc/arm-none-eabi/5.3.1/../../../../arm-none-eabi/lib/armv7e-m\libc.a(lib_a-mlock.o)
                0x00404d28                __malloc_unlock
 .text._Balloc  0x00404d2c       0x4c c:/program files (x86)/atmel/studio/7.0/toolchain/arm/arm-gnu-toolchain/bin/../lib/gcc/arm-none-eabi/5.3.1/../../../../arm-none-eabi/lib/armv7e-m\libc.a(lib_a-mprec.o)
                0x00404d2c                _Balloc
 .text._Bfree   0x00404d78       0x14 c:/program files (x86)/atmel/studio/7.0/toolchain/arm/arm-gnu-toolchain/bin/../lib/gcc/arm-none-eabi/5.3.1/../../../../arm-none-eabi/lib/armv7e-m\libc.a(lib_a-mprec.o)
                0x00404d78                _Bfree
 .text.__multadd
                0x00404d8c       0x80 c:/program files (x86)/atmel/studio/7.0/toolchain/arm/arm-gnu-toolchain/bin/../lib/gcc/arm-none-eabi/5.3.1/../../../../arm-none-eabi/lib/armv7e-m\libc.a(lib_a-mprec.o)
                0x00404d8c                __multadd
 .text.__hi0bits
                0x00404e0c       0x40 c:/program files (x86)/atmel/studio/7.0/toolchain/arm/arm-gnu-toolchain/bin/../lib/gcc/arm-none-eabi/5.3.1/../../../../arm-none-eabi/lib/armv7e-m\libc.a(lib_a-mprec.o)
                0x00404e0c                __hi0bits
 .text.__lo0bits
                0x00404e4c       0x5c c:/program files (x86)/atmel/studio/7.0/toolchain/arm/arm-gnu-toolchain/bin/../lib/gcc/arm-none-eabi/5.3.1/../../../../arm-none-eabi/lib/armv7e-m\libc.a(lib_a-mprec.o)
                0x00404e4c                __lo0bits
 .text.__i2b    0x00404ea8       0x14 c:/program files (x86)/atmel/studio/7.0/toolchain/arm/arm-gnu-toolchain/bin/../lib/gcc/arm-none-eabi/5.3.1/../../../../arm-none-eabi/lib/armv7e-m\libc.a(lib_a-mprec.o)
                0x00404ea8                __i2b
 .text.__multiply
                0x00404ebc      0x130 c:/program files (x86)/atmel/studio/7.0/toolchain/arm/arm-gnu-toolchain/bin/../lib/gcc/arm-none-eabi/5.3.1/../../../../arm-none-eabi/lib/armv7e-m\libc.a(lib_a-mprec.o)
                0x00404ebc                __multiply
 .text.__pow5mult
                0x00404fec       0xa0 c:/program files (x86)/atmel/studio/7.0/toolchain/arm/arm-gnu-toolchain/bin/../lib/gcc/arm-none-eabi/5.3.1/../../../../arm-none-eabi/lib/armv7e-m\libc.a(lib_a-mprec.o)
                0x00404fec                __pow5mult
 .text.__lshift
                0x0040508c       0xb0 c:/program files (x86)/atmel/studio/7.0/toolchain/arm/arm-gnu-toolchain/bin/../lib/gcc/arm-none-eabi/5.3.1/../../../../arm-none-eabi/lib/armv7e-m\libc.a(lib_a-mprec.o)
                0x0040508c                __lshift
 .text.__mcmp   0x0040513c       0x40 c:/program files (x86)/atmel/studio/7.0/toolchain/arm/arm-gnu-toolchain/bin/../lib/gcc/arm-none-eabi/5.3.1/../../../../arm-none-eabi/lib/armv7e-m\libc.a(lib_a-mprec.o)
                0x0040513c                __mcmp
 .text.__mdiff  0x0040517c      0x114 c:/program files (x86)/atmel/studio/7.0/toolchain/arm/arm-gnu-toolchain/bin/../lib/gcc/arm-none-eabi/5.3.1/../../../../arm-none-eabi/lib/armv7e-m\libc.a(lib_a-mprec.o)
                0x0040517c                __mdiff
 .text.__d2b    0x00405290       0xb8 c:/program files (x86)/atmel/studio/7.0/toolchain/arm/arm-gnu-toolchain/bin/../lib/gcc/arm-none-eabi/5.3.1/../../../../arm-none-eabi/lib/armv7e-m\libc.a(lib_a-mprec.o)
                0x00405290                __d2b
 .text._sbrk_r  0x00405348       0x24 c:/program files (x86)/atmel/studio/7.0/toolchain/arm/arm-gnu-toolchain/bin/../lib/gcc/arm-none-eabi/5.3.1/../../../../arm-none-eabi/lib/armv7e-m\libc.a(lib_a-sbrkr.o)
                0x00405348                _sbrk_r
 *fill*         0x0040536c       0x14 
 .text          0x00405380       0xdc c:/program files (x86)/atmel/studio/7.0/toolchain/arm/arm-gnu-toolchain/bin/../lib/gcc/arm-none-eabi/5.3.1/../../../../arm-none-eabi/lib/armv7e-m\libc.a(lib_a-strlen.o)
                0x00405380                strlen
 .text.__ssprint_r
                0x0040545c      0x100 c:/program files (x86)/atmel/studio/7.0/toolchain/arm/arm-gnu-toolchain/bin/../lib/gcc/arm-none-eabi/5.3.1/../../../../arm-none-eabi/lib/armv7e-m\libc.a(lib_a-svfiprintf.o)
                0x0040545c                __ssprint_r
 .text.__register_exitproc
                0x0040555c       0xa4 c:/program files (x86)/atmel/studio/7.0/toolchain/arm/arm-gnu-toolchain/bin/../lib/gcc/arm-none-eabi/5.3.1/../../../../arm-none-eabi/lib/armv7e-m\libc.a(lib_a-__atexit.o)
                0x0040555c                __register_exitproc
 .text._calloc_r
                0x00405600       0x60 c:/program files (x86)/atmel/studio/7.0/toolchain/arm/arm-gnu-toolchain/bin/../lib/gcc/arm-none-eabi/5.3.1/../../../../arm-none-eabi/lib/armv7e-m\libc.a(lib_a-callocr.o)
                0x00405600                _calloc_r
 .text._malloc_trim_r
                0x00405660       0x9c c:/program files (x86)/atmel/studio/7.0/toolchain/arm/arm-gnu-toolchain/bin/../lib/gcc/arm-none-eabi/5.3.1/../../../../arm-none-eabi/lib/armv7e-m\libc.a(lib_a-freer.o)
                0x00405660                _malloc_trim_r
 .text._free_r  0x004056fc      0x1d0 c:/program files (x86)/atmel/studio/7.0/toolchain/arm/arm-gnu-toolchain/bin/../lib/gcc/arm-none-eabi/5.3.1/../../../../arm-none-eabi/lib/armv7e-m\libc.a(lib_a-freer.o)
                0x004056fc                _free_r
 .text.memmove  0x004058cc       0xc8 c:/program files (x86)/atmel/studio/7.0/toolchain/arm/arm-gnu-toolchain/bin/../lib/gcc/arm-none-eabi/5.3.1/../../../../arm-none-eabi/lib/armv7e-m\libc.a(lib_a-memmove.o)
                0x004058cc                memmove
 .text._realloc_r
                0x00405994      0x3e0 c:/program files (x86)/atmel/studio/7.0/toolchain/arm/arm-gnu-toolchain/bin/../lib/gcc/arm-none-eabi/5.3.1/../../../../arm-none-eabi/lib/armv7e-m\libc.a(lib_a-reallocr.o)
                0x00405994                _realloc_r
 .text          0x00405d74      0x370 c:/program files (x86)/atmel/studio/7.0/toolchain/arm/arm-gnu-toolchain/bin/../lib/gcc/arm-none-eabi/5.3.1/armv7e-m\libgcc.a(_arm_addsubdf3.o)
                0x00405d74                __aeabi_drsub
                0x00405d7c                __aeabi_dsub
                0x00405d7c                __subdf3
                0x00405d80                __aeabi_dadd
                0x00405d80                __adddf3
                0x00405ff8                __floatunsidf
                0x00405ff8                __aeabi_ui2d
                0x00406018                __floatsidf
                0x00406018                __aeabi_i2d
                0x0040603c                __aeabi_f2d
                0x0040603c                __extendsfdf2
                0x00406078                __floatundidf
                0x00406078                __aeabi_ul2d
                0x00406088                __floatdidf
                0x00406088                __aeabi_l2d
 .text          0x004060e4      0x424 c:/program files (x86)/atmel/studio/7.0/toolchain/arm/arm-gnu-toolchain/bin/../lib/gcc/arm-none-eabi/5.3.1/armv7e-m\libgcc.a(_arm_muldivdf3.o)
                0x004060e4                __aeabi_dmul
                0x004060e4                __muldf3
                0x00406338                __divdf3
                0x00406338                __aeabi_ddiv
 .text          0x00406508      0x110 c:/program files (x86)/atmel/studio/7.0/toolchain/arm/arm-gnu-toolchain/bin/../lib/gcc/arm-none-eabi/5.3.1/armv7e-m\libgcc.a(_arm_cmpdf2.o)
                0x00406508                __gtdf2
                0x00406508                __gedf2
                0x00406510                __ltdf2
                0x00406510                __ledf2
                0x00406518                __nedf2
                0x00406518                __eqdf2
                0x00406518                __cmpdf2
                0x00406594                __aeabi_cdrcmple
                0x004065a4                __aeabi_cdcmpeq
                0x004065a4                __aeabi_cdcmple
                0x004065b4                __aeabi_dcmpeq
                0x004065c8                __aeabi_dcmplt
                0x004065dc                __aeabi_dcmple
                0x004065f0                __aeabi_dcmpge
                0x00406604                __aeabi_dcmpgt
 .text          0x00406618       0x2c c:/program files (x86)/atmel/studio/7.0/toolchain/arm/arm-gnu-toolchain/bin/../lib/gcc/arm-none-eabi/5.3.1/armv7e-m\libgcc.a(_arm_unorddf2.o)
                0x00406618                __unorddf2
                0x00406618                __aeabi_dcmpun
 .text          0x00406644       0x50 c:/program files (x86)/atmel/studio/7.0/toolchain/arm/arm-gnu-toolchain/bin/../lib/gcc/arm-none-eabi/5.3.1/armv7e-m\libgcc.a(_arm_fixdfsi.o)
                0x00406644                __aeabi_d2iz
                0x00406644                __fixdfsi
 *(.glue_7t)
 .glue_7t       0x00406694        0x0 linker stubs
 *(.glue_7)
 .glue_7        0x00406694        0x0 linker stubs
 *(.rodata .rodata* .gnu.linkonce.r.*)
 .rodata        0x00406694       0x11 src/main.o
 *fill*         0x004066a5        0x3 
 .rodata.str1.4
                0x004066a8        0x2 c:/program files (x86)/atmel/studio/7.0/toolchain/arm/arm-gnu-toolchain/bin/../lib/gcc/arm-none-eabi/5.3.1/../../../../arm-none-eabi/lib/armv7e-m\libc.a(lib_a-impure.o)
 *fill*         0x004066aa        0x2 
 .rodata._global_impure_ptr
                0x004066ac        0x4 c:/program files (x86)/atmel/studio/7.0/toolchain/arm/arm-gnu-toolchain/bin/../lib/gcc/arm-none-eabi/5.3.1/../../../../arm-none-eabi/lib/armv7e-m\libc.a(lib_a-impure.o)
                0x004066ac                _global_impure_ptr
 .rodata.zeroes.7035
                0x004066b0       0x10 c:/program files (x86)/atmel/studio/7.0/toolchain/arm/arm-gnu-toolchain/bin/../lib/gcc/arm-none-eabi/5.3.1/../../../../arm-none-eabi/lib/armv7e-m\libc.a(lib_a-svfprintf.o)
 .rodata.str1.4
                0x004066c0       0x42 c:/program files (x86)/atmel/studio/7.0/toolchain/arm/arm-gnu-toolchain/bin/../lib/gcc/arm-none-eabi/5.3.1/../../../../arm-none-eabi/lib/armv7e-m\libc.a(lib_a-svfprintf.o)
 *fill*         0x00406702        0x2 
 .rodata.blanks.7034
                0x00406704       0x10 c:/program files (x86)/atmel/studio/7.0/toolchain/arm/arm-gnu-toolchain/bin/../lib/gcc/arm-none-eabi/5.3.1/../../../../arm-none-eabi/lib/armv7e-m\libc.a(lib_a-svfprintf.o)
 .rodata.str1.4
                0x00406714       0x10 c:/program files (x86)/atmel/studio/7.0/toolchain/arm/arm-gnu-toolchain/bin/../lib/gcc/arm-none-eabi/5.3.1/../../../../arm-none-eabi/lib/armv7e-m\libc.a(lib_a-dtoa.o)
                                 0x12 (size before relaxing)
 .rodata.str1.4
                0x00406724        0xc c:/program files (x86)/atmel/studio/7.0/toolchain/arm/arm-gnu-toolchain/bin/../lib/gcc/arm-none-eabi/5.3.1/../../../../arm-none-eabi/lib/armv7e-m\libc.a(lib_a-locale.o)
                                 0x12 (size before relaxing)
 .rodata.__mprec_tens
                0x00406730       0xc8 c:/program files (x86)/atmel/studio/7.0/toolchain/arm/arm-gnu-toolchain/bin/../lib/gcc/arm-none-eabi/5.3.1/../../../../arm-none-eabi/lib/armv7e-m\libc.a(lib_a-mprec.o)
                0x00406730                __mprec_tens
 .rodata.__mprec_bigtens
                0x004067f8       0x28 c:/program files (x86)/atmel/studio/7.0/toolchain/arm/arm-gnu-toolchain/bin/../lib/gcc/arm-none-eabi/5.3.1/../../../../arm-none-eabi/lib/armv7e-m\libc.a(lib_a-mprec.o)
                0x004067f8                __mprec_bigtens
 .rodata.p05.5373
                0x00406820        0xc c:/program files (x86)/atmel/studio/7.0/toolchain/arm/arm-gnu-toolchain/bin/../lib/gcc/arm-none-eabi/5.3.1/../../../../arm-none-eabi/lib/armv7e-m\libc.a(lib_a-mprec.o)
 *(.ARM.extab* .gnu.linkonce.armextab.*)
                0x0040682c                . = ALIGN (0x4)
 *(.init)
 .init          0x0040682c        0x4 c:/program files (x86)/atmel/studio/7.0/toolchain/arm/arm-gnu-toolchain/bin/../lib/gcc/arm-none-eabi/5.3.1/armv7e-m/crti.o
                0x0040682c                _init
 .init          0x00406830        0x8 c:/program files (x86)/atmel/studio/7.0/toolchain/arm/arm-gnu-toolchain/bin/../lib/gcc/arm-none-eabi/5.3.1/armv7e-m/crtn.o
                0x00406838                . = ALIGN (0x4)
                0x00406838                __preinit_array_start = .
 *(.preinit_array)
                0x00406838                __preinit_array_end = .
                0x00406838                . = ALIGN (0x4)
                0x00406838                __init_array_start = .
 *(SORT(.init_array.*))
 .init_array.00000
                0x00406838        0x4 c:/program files (x86)/atmel/studio/7.0/toolchain/arm/arm-gnu-toolchain/bin/../lib/gcc/arm-none-eabi/5.3.1/../../../../arm-none-eabi/lib/armv7e-m\libc.a(lib_a-__call_atexit.o)
 *(.init_array)
 .init_array    0x0040683c        0x4 c:/program files (x86)/atmel/studio/7.0/toolchain/arm/arm-gnu-toolchain/bin/../lib/gcc/arm-none-eabi/5.3.1/armv7e-m/crtbegin.o
                0x00406840                __init_array_end = .
                0x00406840                . = ALIGN (0x4)
 *crtbegin.o(.ctors)
 *(EXCLUDE_FILE(*crtend.o) .ctors)
 *(SORT(.ctors.*))
 *crtend.o(.ctors)
                0x00406840                . = ALIGN (0x4)
 *(.fini)
 .fini          0x00406840        0x4 c:/program files (x86)/atmel/studio/7.0/toolchain/arm/arm-gnu-toolchain/bin/../lib/gcc/arm-none-eabi/5.3.1/armv7e-m/crti.o
                0x00406840                _fini
 .fini          0x00406844        0x8 c:/program files (x86)/atmel/studio/7.0/toolchain/arm/arm-gnu-toolchain/bin/../lib/gcc/arm-none-eabi/5.3.1/armv7e-m/crtn.o
                0x0040684c                . = ALIGN (0x4)
                0x0040684c                __fini_array_start = .
 *(.fini_array)
 .fini_array    0x0040684c        0x4 c:/program files (x86)/atmel/studio/7.0/toolchain/arm/arm-gnu-toolchain/bin/../lib/gcc/arm-none-eabi/5.3.1/armv7e-m/crtbegin.o
 *(SORT(.fini_array.*))
                0x00406850                __fini_array_end = .
 *crtbegin.o(.dtors)
 *(EXCLUDE_FILE(*crtend.o) .dtors)
 *(SORT(.dtors.*))
 *crtend.o(.dtors)
                0x00406850                . = ALIGN (0x4)
                0x00406850                _efixed = .
                [!provide]                PROVIDE (__exidx_start, .)

.vfp11_veneer   0x00406850        0x0
 .vfp11_veneer  0x00406850        0x0 linker stubs

.v4_bx          0x00406850        0x0
 .v4_bx         0x00406850        0x0 linker stubs

.iplt           0x00406850        0x0
 .iplt          0x00406850        0x0 c:/program files (x86)/atmel/studio/7.0/toolchain/arm/arm-gnu-toolchain/bin/../lib/gcc/arm-none-eabi/5.3.1/armv7e-m/crtbegin.o

.ARM.exidx      0x00406850        0x8
 *(.ARM.exidx* .gnu.linkonce.armexidx.*)
 .ARM.exidx     0x00406850        0x8 c:/program files (x86)/atmel/studio/7.0/toolchain/arm/arm-gnu-toolchain/bin/../lib/gcc/arm-none-eabi/5.3.1/armv7e-m\libgcc.a(_udivmoddi4.o)
                [!provide]                PROVIDE (__exidx_end, .)

.eh_frame       0x00406858        0x0
 .eh_frame      0x00406858        0x0 c:/program files (x86)/atmel/studio/7.0/toolchain/arm/arm-gnu-toolchain/bin/../lib/gcc/arm-none-eabi/5.3.1/armv7e-m/crtbegin.o

.rel.dyn        0x00406858        0x0
 .rel.iplt      0x00406858        0x0 c:/program files (x86)/atmel/studio/7.0/toolchain/arm/arm-gnu-toolchain/bin/../lib/gcc/arm-none-eabi/5.3.1/armv7e-m/crtbegin.o

.jcr            0x00406858        0x0
 .jcr           0x00406858        0x0 c:/program files (x86)/atmel/studio/7.0/toolchain/arm/arm-gnu-toolchain/bin/../lib/gcc/arm-none-eabi/5.3.1/armv7e-m/crtbegin.o

.igot.plt       0x00406858        0x0
 .igot.plt      0x00406858        0x0 c:/program files (x86)/atmel/studio/7.0/toolchain/arm/arm-gnu-toolchain/bin/../lib/gcc/arm-none-eabi/5.3.1/armv7e-m/crtbegin.o
                0x00406858                . = ALIGN (0x4)
                0x00406858                _etext = .

.relocate       0x20400000      0x88c load address 0x00406858
                0x20400000                . = ALIGN (0x4)
                0x20400000                _srelocate = .
 *(.ramfunc .ramfunc.*)
 .ramfunc       0x20400000        0xc src/ASF/common/services/delay/sam/cycle_counter.o
                0x20400000                portable_delay_cycles
 *(.data .data.*)
 .data.g_interrupt_enabled
                0x2040000c        0x1 src/ASF/common/utils/interrupt/interrupt_sam_nvic.o
                0x2040000c                g_interrupt_enabled
 *fill*         0x2040000d        0x3 
 .data.SystemCoreClock
                0x20400010        0x4 src/ASF/sam/utils/cmsis/same70/source/templates/system_same70.o
                0x20400010                SystemCoreClock
 *fill*         0x20400014        0x4 
 .data.impure_data
                0x20400018      0x428 c:/program files (x86)/atmel/studio/7.0/toolchain/arm/arm-gnu-toolchain/bin/../lib/gcc/arm-none-eabi/5.3.1/../../../../arm-none-eabi/lib/armv7e-m\libc.a(lib_a-impure.o)
 .data._impure_ptr
                0x20400440        0x4 c:/program files (x86)/atmel/studio/7.0/toolchain/arm/arm-gnu-toolchain/bin/../lib/gcc/arm-none-eabi/5.3.1/../../../../arm-none-eabi/lib/armv7e-m\libc.a(lib_a-impure.o)
                0x20400440                _impure_ptr
 .data.lconv    0x20400444       0x38 c:/program files (x86)/atmel/studio/7.0/toolchain/arm/arm-gnu-toolchain/bin/../lib/gcc/arm-none-eabi/5.3.1/../../../../arm-none-eabi/lib/armv7e-m\libc.a(lib_a-locale.o)
 .data.__malloc_av_
                0x2040047c      0x408 c:/program files (x86)/atmel/studio/7.0/toolchain/arm/arm-gnu-toolchain/bin/../lib/gcc/arm-none-eabi/5.3.1/../../../../arm-none-eabi/lib/armv7e-m\libc.a(lib_a-mallocr.o)
                0x2040047c                __malloc_av_
 .data.__malloc_trim_threshold
                0x20400884        0x4 c:/program files (x86)/atmel/studio/7.0/toolchain/arm/arm-gnu-toolchain/bin/../lib/gcc/arm-none-eabi/5.3.1/../../../../arm-none-eabi/lib/armv7e-m\libc.a(lib_a-mallocr.o)
                0x20400884                __malloc_trim_threshold
 .data.__malloc_sbrk_base
                0x20400888        0x4 c:/program files (x86)/atmel/studio/7.0/toolchain/arm/arm-gnu-toolchain/bin/../lib/gcc/arm-none-eabi/5.3.1/../../../../arm-none-eabi/lib/armv7e-m\libc.a(lib_a-mallocr.o)
                0x20400888                __malloc_sbrk_base
                0x2040088c                . = ALIGN (0x4)
                0x2040088c                _erelocate = .

.bss            0x2040088c      0x198 load address 0x004070e4
                0x2040088c                . = ALIGN (0x4)
                0x2040088c                _sbss = .
                0x2040088c                _szero = .
 *(.bss .bss.*)
 .bss           0x2040088c       0x1c c:/program files (x86)/atmel/studio/7.0/toolchain/arm/arm-gnu-toolchain/bin/../lib/gcc/arm-none-eabi/5.3.1/armv7e-m/crtbegin.o
 .bss.gs_interrupt_sources
                0x204008a8       0x70 src/ASF/sam/drivers/pio/pio_handler.o
 .bss.gs_ul_nb_sources
                0x20400918        0x4 src/ASF/sam/drivers/pio/pio_handler.o
 .bss.ul_reg_val.8198
                0x2040091c        0x4 src/ASF/sam/drivers/usart/usart.o
 .bss.heap.5289
                0x20400920        0x4 src/ASF/sam/utils/syscalls/gcc/syscalls.o
 .bss.__malloc_max_total_mem
                0x20400924        0x4 c:/program files (x86)/atmel/studio/7.0/toolchain/arm/arm-gnu-toolchain/bin/../lib/gcc/arm-none-eabi/5.3.1/../../../../arm-none-eabi/lib/armv7e-m\libc.a(lib_a-mallocr.o)
                0x20400924                __malloc_max_total_mem
 .bss.__malloc_max_sbrked_mem
                0x20400928        0x4 c:/program files (x86)/atmel/studio/7.0/toolchain/arm/arm-gnu-toolchain/bin/../lib/gcc/arm-none-eabi/5.3.1/../../../../arm-none-eabi/lib/armv7e-m\libc.a(lib_a-mallocr.o)
                0x20400928                __malloc_max_sbrked_mem
 .bss.__malloc_top_pad
                0x2040092c        0x4 c:/program files (x86)/atmel/studio/7.0/toolchain/arm/arm-gnu-toolchain/bin/../lib/gcc/arm-none-eabi/5.3.1/../../../../arm-none-eabi/lib/armv7e-m\libc.a(lib_a-mallocr.o)
                0x2040092c                __malloc_top_pad
 .bss.__malloc_current_mallinfo
                0x20400930       0x28 c:/program files (x86)/atmel/studio/7.0/toolchain/arm/arm-gnu-toolchain/bin/../lib/gcc/arm-none-eabi/5.3.1/../../../../arm-none-eabi/lib/armv7e-m\libc.a(lib_a-mallocr.o)
                0x20400930                __malloc_current_mallinfo
 *(COMMON)
 COMMON         0x20400958       0xc8 src/main.o
                0x20400958                bufferRX
                0x204009bc                bufferTX
 COMMON         0x20400a20        0x4 c:/program files (x86)/atmel/studio/7.0/toolchain/arm/arm-gnu-toolchain/bin/../lib/gcc/arm-none-eabi/5.3.1/../../../../arm-none-eabi/lib/armv7e-m\libc.a(lib_a-reent.o)
                0x20400a20                errno
                0x20400a24                . = ALIGN (0x4)
                0x20400a24                _ebss = .
                0x20400a24                _ezero = .

.stack          0x20400a24     0x2004 load address 0x0040727c
                0x20400a28                . = ALIGN (0x8)
 *fill*         0x20400a24        0x4 
                0x20400a28                _sstack = .
                0x20402a28                . = (. + STACK_SIZE)
 *fill*         0x20400a28     0x2000 
                0x20402a28                . = ALIGN (0x8)
                0x20402a28                _estack = .

.heap           0x20402a28      0x200 load address 0x00409280
                0x20402a28                . = ALIGN (0x8)
                0x20402a28                _sheap = .
                0x20402c28                . = (. + HEAP_SIZE)
 *fill*         0x20402a28      0x200 
                0x20402c28                . = ALIGN (0x8)
                0x20402c28                _eheap = .
                0x20402c28                . = ALIGN (0x4)
                0x20402c28                _end = .
                0x2045ffff                _ram_end_ = ((ORIGIN (ram) + LENGTH (ram)) - 0x1)
OUTPUT(HC-10 BlueTooth.elf elf32-littlearm)

.ARM.attributes
                0x00000000       0x2e
 .ARM.attributes
                0x00000000       0x1e c:/program files (x86)/atmel/studio/7.0/toolchain/arm/arm-gnu-toolchain/bin/../lib/gcc/arm-none-eabi/5.3.1/armv7e-m/crti.o
 .ARM.attributes
                0x0000001e       0x2e c:/program files (x86)/atmel/studio/7.0/toolchain/arm/arm-gnu-toolchain/bin/../lib/gcc/arm-none-eabi/5.3.1/armv7e-m/crtbegin.o
 .ARM.attributes
                0x0000004c       0x37 src/ASF/common/services/clock/same70/sysclk.o
 .ARM.attributes
                0x00000083       0x37 src/ASF/common/services/delay/sam/cycle_counter.o
 .ARM.attributes
                0x000000ba       0x37 src/ASF/common/utils/interrupt/interrupt_sam_nvic.o
 .ARM.attributes
                0x000000f1       0x37 src/ASF/sam/drivers/pio/pio.o
 .ARM.attributes
                0x00000128       0x37 src/ASF/sam/drivers/pio/pio_handler.o
 .ARM.attributes
                0x0000015f       0x37 src/ASF/sam/drivers/pmc/pmc.o
 .ARM.attributes
                0x00000196       0x37 src/ASF/sam/drivers/uart/uart.o
 .ARM.attributes
                0x000001cd       0x37 src/ASF/sam/drivers/usart/usart.o
 .ARM.attributes
                0x00000204       0x37 src/ASF/sam/utils/cmsis/same70/source/templates/gcc/startup_same70.o
 .ARM.attributes
                0x0000023b       0x37 src/ASF/sam/utils/cmsis/same70/source/templates/system_same70.o
 .ARM.attributes
                0x00000272       0x37 src/ASF/sam/utils/syscalls/gcc/syscalls.o
 .ARM.attributes
                0x000002a9       0x37 src/main.o
 .ARM.attributes
                0x000002e0       0x1e c:/program files (x86)/atmel/studio/7.0/toolchain/arm/arm-gnu-toolchain/bin/../lib/gcc/arm-none-eabi/5.3.1/armv7e-m\libgcc.a(_aeabi_uldivmod.o)
 .ARM.attributes
                0x000002fe       0x2e c:/program files (x86)/atmel/studio/7.0/toolchain/arm/arm-gnu-toolchain/bin/../lib/gcc/arm-none-eabi/5.3.1/armv7e-m\libgcc.a(_udivmoddi4.o)
 .ARM.attributes
                0x0000032c       0x1e c:/program files (x86)/atmel/studio/7.0/toolchain/arm/arm-gnu-toolchain/bin/../lib/gcc/arm-none-eabi/5.3.1/armv7e-m\libgcc.a(_dvmd_tls.o)
 .ARM.attributes
                0x0000034a       0x2e c:/program files (x86)/atmel/studio/7.0/toolchain/arm/arm-gnu-toolchain/bin/../lib/gcc/arm-none-eabi/5.3.1/../../../../arm-none-eabi/lib/armv7e-m\libc.a(lib_a-impure.o)
 .ARM.attributes
                0x00000378       0x2e c:/program files (x86)/atmel/studio/7.0/toolchain/arm/arm-gnu-toolchain/bin/../lib/gcc/arm-none-eabi/5.3.1/../../../../arm-none-eabi/lib/armv7e-m\libc.a(lib_a-init.o)
 .ARM.attributes
                0x000003a6       0x2e c:/program files (x86)/atmel/studio/7.0/toolchain/arm/arm-gnu-toolchain/bin/../lib/gcc/arm-none-eabi/5.3.1/../../../../arm-none-eabi/lib/armv7e-m\libc.a(lib_a-memset.o)
 .ARM.attributes
                0x000003d4       0x2e c:/program files (x86)/atmel/studio/7.0/toolchain/arm/arm-gnu-toolchain/bin/../lib/gcc/arm-none-eabi/5.3.1/../../../../arm-none-eabi/lib/armv7e-m\libc.a(lib_a-sprintf.o)
 .ARM.attributes
                0x00000402       0x2e c:/program files (x86)/atmel/studio/7.0/toolchain/arm/arm-gnu-toolchain/bin/../lib/gcc/arm-none-eabi/5.3.1/../../../../arm-none-eabi/lib/armv7e-m\libc.a(lib_a-svfprintf.o)
 .ARM.attributes
                0x00000430       0x2e c:/program files (x86)/atmel/studio/7.0/toolchain/arm/arm-gnu-toolchain/bin/../lib/gcc/arm-none-eabi/5.3.1/../../../../arm-none-eabi/lib/armv7e-m\libc.a(lib_a-__call_atexit.o)
 .ARM.attributes
                0x0000045e       0x2e c:/program files (x86)/atmel/studio/7.0/toolchain/arm/arm-gnu-toolchain/bin/../lib/gcc/arm-none-eabi/5.3.1/../../../../arm-none-eabi/lib/armv7e-m\libc.a(lib_a-atexit.o)
 .ARM.attributes
                0x0000048c       0x2e c:/program files (x86)/atmel/studio/7.0/toolchain/arm/arm-gnu-toolchain/bin/../lib/gcc/arm-none-eabi/5.3.1/../../../../arm-none-eabi/lib/armv7e-m\libc.a(lib_a-dtoa.o)
 .ARM.attributes
                0x000004ba       0x2e c:/program files (x86)/atmel/studio/7.0/toolchain/arm/arm-gnu-toolchain/bin/../lib/gcc/arm-none-eabi/5.3.1/../../../../arm-none-eabi/lib/armv7e-m\libc.a(lib_a-fini.o)
 .ARM.attributes
                0x000004e8       0x2e c:/program files (x86)/atmel/studio/7.0/toolchain/arm/arm-gnu-toolchain/bin/../lib/gcc/arm-none-eabi/5.3.1/../../../../arm-none-eabi/lib/armv7e-m\libc.a(lib_a-locale.o)
 .ARM.attributes
                0x00000516       0x2e c:/program files (x86)/atmel/studio/7.0/toolchain/arm/arm-gnu-toolchain/bin/../lib/gcc/arm-none-eabi/5.3.1/../../../../arm-none-eabi/lib/armv7e-m\libc.a(lib_a-mallocr.o)
 .ARM.attributes
                0x00000544       0x1c c:/program files (x86)/atmel/studio/7.0/toolchain/arm/arm-gnu-toolchain/bin/../lib/gcc/arm-none-eabi/5.3.1/../../../../arm-none-eabi/lib/armv7e-m\libc.a(lib_a-memchr.o)
 .ARM.attributes
                0x00000560       0x1c c:/program files (x86)/atmel/studio/7.0/toolchain/arm/arm-gnu-toolchain/bin/../lib/gcc/arm-none-eabi/5.3.1/../../../../arm-none-eabi/lib/armv7e-m\libc.a(lib_a-memcpy.o)
 .ARM.attributes
                0x0000057c       0x2e c:/program files (x86)/atmel/studio/7.0/toolchain/arm/arm-gnu-toolchain/bin/../lib/gcc/arm-none-eabi/5.3.1/../../../../arm-none-eabi/lib/armv7e-m\libc.a(lib_a-mlock.o)
 .ARM.attributes
                0x000005aa       0x2e c:/program files (x86)/atmel/studio/7.0/toolchain/arm/arm-gnu-toolchain/bin/../lib/gcc/arm-none-eabi/5.3.1/../../../../arm-none-eabi/lib/armv7e-m\libc.a(lib_a-mprec.o)
 .ARM.attributes
                0x000005d8       0x2e c:/program files (x86)/atmel/studio/7.0/toolchain/arm/arm-gnu-toolchain/bin/../lib/gcc/arm-none-eabi/5.3.1/../../../../arm-none-eabi/lib/armv7e-m\libc.a(lib_a-sbrkr.o)
 .ARM.attributes
                0x00000606       0x1c c:/program files (x86)/atmel/studio/7.0/toolchain/arm/arm-gnu-toolchain/bin/../lib/gcc/arm-none-eabi/5.3.1/../../../../arm-none-eabi/lib/armv7e-m\libc.a(lib_a-strlen.o)
 .ARM.attributes
                0x00000622       0x2e c:/program files (x86)/atmel/studio/7.0/toolchain/arm/arm-gnu-toolchain/bin/../lib/gcc/arm-none-eabi/5.3.1/../../../../arm-none-eabi/lib/armv7e-m\libc.a(lib_a-svfiprintf.o)
 .ARM.attributes
                0x00000650       0x2e c:/program files (x86)/atmel/studio/7.0/toolchain/arm/arm-gnu-toolchain/bin/../lib/gcc/arm-none-eabi/5.3.1/../../../../arm-none-eabi/lib/armv7e-m\libc.a(lib_a-__atexit.o)
 .ARM.attributes
                0x0000067e       0x2e c:/program files (x86)/atmel/studio/7.0/toolchain/arm/arm-gnu-toolchain/bin/../lib/gcc/arm-none-eabi/5.3.1/../../../../arm-none-eabi/lib/armv7e-m\libc.a(lib_a-callocr.o)
 .ARM.attributes
                0x000006ac       0x2e c:/program files (x86)/atmel/studio/7.0/toolchain/arm/arm-gnu-toolchain/bin/../lib/gcc/arm-none-eabi/5.3.1/../../../../arm-none-eabi/lib/armv7e-m\libc.a(lib_a-freer.o)
 .ARM.attributes
                0x000006da       0x2e c:/program files (x86)/atmel/studio/7.0/toolchain/arm/arm-gnu-toolchain/bin/../lib/gcc/arm-none-eabi/5.3.1/../../../../arm-none-eabi/lib/armv7e-m\libc.a(lib_a-memmove.o)
 .ARM.attributes
                0x00000708       0x2e c:/program files (x86)/atmel/studio/7.0/toolchain/arm/arm-gnu-toolchain/bin/../lib/gcc/arm-none-eabi/5.3.1/../../../../arm-none-eabi/lib/armv7e-m\libc.a(lib_a-reallocr.o)
 .ARM.attributes
                0x00000736       0x2e c:/program files (x86)/atmel/studio/7.0/toolchain/arm/arm-gnu-toolchain/bin/../lib/gcc/arm-none-eabi/5.3.1/../../../../arm-none-eabi/lib/armv7e-m\libc.a(lib_a-reent.o)
 .ARM.attributes
                0x00000764       0x1e c:/program files (x86)/atmel/studio/7.0/toolchain/arm/arm-gnu-toolchain/bin/../lib/gcc/arm-none-eabi/5.3.1/armv7e-m\libgcc.a(_arm_addsubdf3.o)
 .ARM.attributes
                0x00000782       0x1e c:/program files (x86)/atmel/studio/7.0/toolchain/arm/arm-gnu-toolchain/bin/../lib/gcc/arm-none-eabi/5.3.1/armv7e-m\libgcc.a(_arm_muldivdf3.o)
 .ARM.attributes
                0x000007a0       0x1e c:/program files (x86)/atmel/studio/7.0/toolchain/arm/arm-gnu-toolchain/bin/../lib/gcc/arm-none-eabi/5.3.1/armv7e-m\libgcc.a(_arm_cmpdf2.o)
 .ARM.attributes
                0x000007be       0x1e c:/program files (x86)/atmel/studio/7.0/toolchain/arm/arm-gnu-toolchain/bin/../lib/gcc/arm-none-eabi/5.3.1/armv7e-m\libgcc.a(_arm_unorddf2.o)
 .ARM.attributes
                0x000007dc       0x1e c:/program files (x86)/atmel/studio/7.0/toolchain/arm/arm-gnu-toolchain/bin/../lib/gcc/arm-none-eabi/5.3.1/armv7e-m\libgcc.a(_arm_fixdfsi.o)
 .ARM.attributes
                0x000007fa       0x1e c:/program files (x86)/atmel/studio/7.0/toolchain/arm/arm-gnu-toolchain/bin/../lib/gcc/arm-none-eabi/5.3.1/armv7e-m/crtn.o

.comment        0x00000000       0x59
 .comment       0x00000000       0x59 src/ASF/common/services/clock/same70/sysclk.o
                                 0x5a (size before relaxing)
 .comment       0x00000059       0x5a src/ASF/common/services/delay/sam/cycle_counter.o
 .comment       0x00000059       0x5a src/ASF/common/utils/interrupt/interrupt_sam_nvic.o
 .comment       0x00000059       0x5a src/ASF/sam/drivers/pio/pio.o
 .comment       0x00000059       0x5a src/ASF/sam/drivers/pio/pio_handler.o
 .comment       0x00000059       0x5a src/ASF/sam/drivers/pmc/pmc.o
 .comment       0x00000059       0x5a src/ASF/sam/drivers/uart/uart.o
 .comment       0x00000059       0x5a src/ASF/sam/drivers/usart/usart.o
 .comment       0x00000059       0x5a src/ASF/sam/utils/cmsis/same70/source/templates/gcc/startup_same70.o
 .comment       0x00000059       0x5a src/ASF/sam/utils/cmsis/same70/source/templates/system_same70.o
 .comment       0x00000059       0x5a src/ASF/sam/utils/syscalls/gcc/syscalls.o
 .comment       0x00000059       0x5a src/main.o

.debug_info     0x00000000     0x955e
 .debug_info    0x00000000      0x759 src/ASF/common/services/clock/same70/sysclk.o
 .debug_info    0x00000759      0x134 src/ASF/common/services/delay/sam/cycle_counter.o
 .debug_info    0x0000088d      0x1e9 src/ASF/common/utils/interrupt/interrupt_sam_nvic.o
 .debug_info    0x00000a76     0x12a5 src/ASF/sam/drivers/pio/pio.o
 .debug_info    0x00001d1b     0x101e src/ASF/sam/drivers/pio/pio_handler.o
 .debug_info    0x00002d39     0x148a src/ASF/sam/drivers/pmc/pmc.o
 .debug_info    0x000041c3      0x745 src/ASF/sam/drivers/uart/uart.o
 .debug_info    0x00004908     0x16d8 src/ASF/sam/drivers/usart/usart.o
 .debug_info    0x00005fe0      0xc04 src/ASF/sam/utils/cmsis/same70/source/templates/gcc/startup_same70.o
 .debug_info    0x00006be4      0x570 src/ASF/sam/utils/cmsis/same70/source/templates/system_same70.o
 .debug_info    0x00007154      0x435 src/ASF/sam/utils/syscalls/gcc/syscalls.o
 .debug_info    0x00007589     0x1fd5 src/main.o

.debug_abbrev   0x00000000     0x142c
 .debug_abbrev  0x00000000      0x1c5 src/ASF/common/services/clock/same70/sysclk.o
 .debug_abbrev  0x000001c5       0x9d src/ASF/common/services/delay/sam/cycle_counter.o
 .debug_abbrev  0x00000262       0xef src/ASF/common/utils/interrupt/interrupt_sam_nvic.o
 .debug_abbrev  0x00000351      0x1c2 src/ASF/sam/drivers/pio/pio.o
 .debug_abbrev  0x00000513      0x225 src/ASF/sam/drivers/pio/pio_handler.o
 .debug_abbrev  0x00000738      0x229 src/ASF/sam/drivers/pmc/pmc.o
 .debug_abbrev  0x00000961      0x169 src/ASF/sam/drivers/uart/uart.o
 .debug_abbrev  0x00000aca      0x1da src/ASF/sam/drivers/usart/usart.o
 .debug_abbrev  0x00000ca4      0x214 src/ASF/sam/utils/cmsis/same70/source/templates/gcc/startup_same70.o
 .debug_abbrev  0x00000eb8       0xf5 src/ASF/sam/utils/cmsis/same70/source/templates/system_same70.o
 .debug_abbrev  0x00000fad      0x120 src/ASF/sam/utils/syscalls/gcc/syscalls.o
 .debug_abbrev  0x000010cd      0x35f src/main.o

.debug_loc      0x00000000     0x62e8
 .debug_loc     0x00000000      0x4a0 src/ASF/common/services/clock/same70/sysclk.o
 .debug_loc     0x000004a0       0xa0 src/ASF/common/utils/interrupt/interrupt_sam_nvic.o
 .debug_loc     0x00000540     0x1174 src/ASF/sam/drivers/pio/pio.o
 .debug_loc     0x000016b4      0x38c src/ASF/sam/drivers/pio/pio_handler.o
 .debug_loc     0x00001a40     0x1714 src/ASF/sam/drivers/pmc/pmc.o
 .debug_loc     0x00003154      0x8a0 src/ASF/sam/drivers/uart/uart.o
 .debug_loc     0x000039f4     0x1e4c src/ASF/sam/drivers/usart/usart.o
 .debug_loc     0x00005840      0x16c src/ASF/sam/utils/cmsis/same70/source/templates/gcc/startup_same70.o
 .debug_loc     0x000059ac       0xe4 src/ASF/sam/utils/cmsis/same70/source/templates/system_same70.o
 .debug_loc     0x00005a90      0x324 src/ASF/sam/utils/syscalls/gcc/syscalls.o
 .debug_loc     0x00005db4      0x534 src/main.o

.debug_aranges  0x00000000      0xa70
 .debug_aranges
                0x00000000       0x98 src/ASF/common/services/clock/same70/sysclk.o
 .debug_aranges
                0x00000098       0x20 src/ASF/common/services/delay/sam/cycle_counter.o
 .debug_aranges
                0x000000b8       0x28 src/ASF/common/utils/interrupt/interrupt_sam_nvic.o
 .debug_aranges
                0x000000e0      0x1a8 src/ASF/sam/drivers/pio/pio.o
 .debug_aranges
                0x00000288       0x80 src/ASF/sam/drivers/pio/pio_handler.o
 .debug_aranges
                0x00000308      0x250 src/ASF/sam/drivers/pmc/pmc.o
 .debug_aranges
                0x00000558       0xd8 src/ASF/sam/drivers/uart/uart.o
 .debug_aranges
                0x00000630      0x2c8 src/ASF/sam/drivers/usart/usart.o
 .debug_aranges
                0x000008f8       0x40 src/ASF/sam/utils/cmsis/same70/source/templates/gcc/startup_same70.o
 .debug_aranges
                0x00000938       0x30 src/ASF/sam/utils/cmsis/same70/source/templates/system_same70.o
 .debug_aranges
                0x00000968       0x60 src/ASF/sam/utils/syscalls/gcc/syscalls.o
 .debug_aranges
                0x000009c8       0xa8 src/main.o

.debug_ranges   0x00000000      0x9b0
 .debug_ranges  0x00000000       0x88 src/ASF/common/services/clock/same70/sysclk.o
 .debug_ranges  0x00000088       0x10 src/ASF/common/services/delay/sam/cycle_counter.o
 .debug_ranges  0x00000098       0x18 src/ASF/common/utils/interrupt/interrupt_sam_nvic.o
 .debug_ranges  0x000000b0      0x198 src/ASF/sam/drivers/pio/pio.o
 .debug_ranges  0x00000248       0x70 src/ASF/sam/drivers/pio/pio_handler.o
 .debug_ranges  0x000002b8      0x240 src/ASF/sam/drivers/pmc/pmc.o
 .debug_ranges  0x000004f8       0xc8 src/ASF/sam/drivers/uart/uart.o
 .debug_ranges  0x000005c0      0x2b8 src/ASF/sam/drivers/usart/usart.o
 .debug_ranges  0x00000878       0x30 src/ASF/sam/utils/cmsis/same70/source/templates/gcc/startup_same70.o
 .debug_ranges  0x000008a8       0x20 src/ASF/sam/utils/cmsis/same70/source/templates/system_same70.o
 .debug_ranges  0x000008c8       0x50 src/ASF/sam/utils/syscalls/gcc/syscalls.o
 .debug_ranges  0x00000918       0x98 src/main.o

.debug_macro    0x00000000    0x1d02f
 .debug_macro   0x00000000      0x6a1 src/ASF/common/services/clock/same70/sysclk.o
 .debug_macro   0x000006a1      0x8aa src/ASF/common/services/clock/same70/sysclk.o
 .debug_macro   0x00000f4b      0x652 src/ASF/common/services/clock/same70/sysclk.o
 .debug_macro   0x0000159d       0x3a src/ASF/common/services/clock/same70/sysclk.o
 .debug_macro   0x000015d7      0x16d src/ASF/common/services/clock/same70/sysclk.o
 .debug_macro   0x00001744       0x76 src/ASF/common/services/clock/same70/sysclk.o
 .debug_macro   0x000017ba       0x16 src/ASF/common/services/clock/same70/sysclk.o
 .debug_macro   0x000017d0      0x6e4 src/ASF/common/services/clock/same70/sysclk.o
 .debug_macro   0x00001eb4       0x22 src/ASF/common/services/clock/same70/sysclk.o
 .debug_macro   0x00001ed6       0x87 src/ASF/common/services/clock/same70/sysclk.o
 .debug_macro   0x00001f5d       0x44 src/ASF/common/services/clock/same70/sysclk.o
 .debug_macro   0x00001fa1       0xfd src/ASF/common/services/clock/same70/sysclk.o
 .debug_macro   0x0000209e       0x22 src/ASF/common/services/clock/same70/sysclk.o
 .debug_macro   0x000020c0      0x1df src/ASF/common/services/clock/same70/sysclk.o
 .debug_macro   0x0000229f       0x4a src/ASF/common/services/clock/same70/sysclk.o
 .debug_macro   0x000022e9       0x3b src/ASF/common/services/clock/same70/sysclk.o
 .debug_macro   0x00002324       0x2d src/ASF/common/services/clock/same70/sysclk.o
 .debug_macro   0x00002351       0x26 src/ASF/common/services/clock/same70/sysclk.o
 .debug_macro   0x00002377      0xf9a src/ASF/common/services/clock/same70/sysclk.o
 .debug_macro   0x00003311      0x175 src/ASF/common/services/clock/same70/sysclk.o
 .debug_macro   0x00003486      0x257 src/ASF/common/services/clock/same70/sysclk.o
 .debug_macro   0x000036dd      0xa0f src/ASF/common/services/clock/same70/sysclk.o
 .debug_macro   0x000040ec      0x1b9 src/ASF/common/services/clock/same70/sysclk.o
 .debug_macro   0x000042a5      0x336 src/ASF/common/services/clock/same70/sysclk.o
 .debug_macro   0x000045db      0x15b src/ASF/common/services/clock/same70/sysclk.o
 .debug_macro   0x00004736     0x1851 src/ASF/common/services/clock/same70/sysclk.o
 .debug_macro   0x00005f87       0x1c src/ASF/common/services/clock/same70/sysclk.o
 .debug_macro   0x00005fa3      0x68d src/ASF/common/services/clock/same70/sysclk.o
 .debug_macro   0x00006630      0x31e src/ASF/common/services/clock/same70/sysclk.o
 .debug_macro   0x0000694e      0x4d4 src/ASF/common/services/clock/same70/sysclk.o
 .debug_macro   0x00006e22      0x56e src/ASF/common/services/clock/same70/sysclk.o
 .debug_macro   0x00007390     0x1332 src/ASF/common/services/clock/same70/sysclk.o
 .debug_macro   0x000086c2     0x278d src/ASF/common/services/clock/same70/sysclk.o
 .debug_macro   0x0000ae4f     0x102b src/ASF/common/services/clock/same70/sysclk.o
 .debug_macro   0x0000be7a      0xe01 src/ASF/common/services/clock/same70/sysclk.o
 .debug_macro   0x0000cc7b      0x3b1 src/ASF/common/services/clock/same70/sysclk.o
 .debug_macro   0x0000d02c       0xa0 src/ASF/common/services/clock/same70/sysclk.o
 .debug_macro   0x0000d0cc       0x76 src/ASF/common/services/clock/same70/sysclk.o
 .debug_macro   0x0000d142      0x409 src/ASF/common/services/clock/same70/sysclk.o
 .debug_macro   0x0000d54b       0x64 src/ASF/common/services/clock/same70/sysclk.o
 .debug_macro   0x0000d5af      0x284 src/ASF/common/services/clock/same70/sysclk.o
 .debug_macro   0x0000d833      0x1d0 src/ASF/common/services/clock/same70/sysclk.o
 .debug_macro   0x0000da03      0x248 src/ASF/common/services/clock/same70/sysclk.o
 .debug_macro   0x0000dc4b      0x524 src/ASF/common/services/clock/same70/sysclk.o
 .debug_macro   0x0000e16f      0x63b src/ASF/common/services/clock/same70/sysclk.o
 .debug_macro   0x0000e7aa      0x6b8 src/ASF/common/services/clock/same70/sysclk.o
 .debug_macro   0x0000ee62       0x4c src/ASF/common/services/clock/same70/sysclk.o
 .debug_macro   0x0000eeae      0x468 src/ASF/common/services/clock/same70/sysclk.o
 .debug_macro   0x0000f316      0x207 src/ASF/common/services/clock/same70/sysclk.o
 .debug_macro   0x0000f51d      0x866 src/ASF/common/services/clock/same70/sysclk.o
 .debug_macro   0x0000fd83     0x1547 src/ASF/common/services/clock/same70/sysclk.o
 .debug_macro   0x000112ca       0x40 src/ASF/common/services/clock/same70/sysclk.o
 .debug_macro   0x0001130a       0x76 src/ASF/common/services/clock/same70/sysclk.o
 .debug_macro   0x00011380      0xdaf src/ASF/common/services/clock/same70/sysclk.o
 .debug_macro   0x0001212f       0x82 src/ASF/common/services/clock/same70/sysclk.o
 .debug_macro   0x000121b1       0x76 src/ASF/common/services/clock/same70/sysclk.o
 .debug_macro   0x00012227       0x4c src/ASF/common/services/clock/same70/sysclk.o
 .debug_macro   0x00012273      0x135 src/ASF/common/services/clock/same70/sysclk.o
 .debug_macro   0x000123a8      0x135 src/ASF/common/services/clock/same70/sysclk.o
 .debug_macro   0x000124dd      0x135 src/ASF/common/services/clock/same70/sysclk.o
 .debug_macro   0x00012612       0x6a src/ASF/common/services/clock/same70/sysclk.o
 .debug_macro   0x0001267c       0x6a src/ASF/common/services/clock/same70/sysclk.o
 .debug_macro   0x000126e6      0x313 src/ASF/common/services/clock/same70/sysclk.o
 .debug_macro   0x000129f9       0xb2 src/ASF/common/services/clock/same70/sysclk.o
 .debug_macro   0x00012aab       0xb2 src/ASF/common/services/clock/same70/sysclk.o
 .debug_macro   0x00012b5d       0xb2 src/ASF/common/services/clock/same70/sysclk.o
 .debug_macro   0x00012c0f      0x11d src/ASF/common/services/clock/same70/sysclk.o
 .debug_macro   0x00012d2c      0x11d src/ASF/common/services/clock/same70/sysclk.o
 .debug_macro   0x00012e49      0x2cd src/ASF/common/services/clock/same70/sysclk.o
 .debug_macro   0x00013116       0xb8 src/ASF/common/services/clock/same70/sysclk.o
 .debug_macro   0x000131ce       0x5e src/ASF/common/services/clock/same70/sysclk.o
 .debug_macro   0x0001322c       0x40 src/ASF/common/services/clock/same70/sysclk.o
 .debug_macro   0x0001326c       0x4c src/ASF/common/services/clock/same70/sysclk.o
 .debug_macro   0x000132b8       0xa0 src/ASF/common/services/clock/same70/sysclk.o
 .debug_macro   0x00013358      0x494 src/ASF/common/services/clock/same70/sysclk.o
 .debug_macro   0x000137ec      0x135 src/ASF/common/services/clock/same70/sysclk.o
 .debug_macro   0x00013921       0x4c src/ASF/common/services/clock/same70/sysclk.o
 .debug_macro   0x0001396d      0x313 src/ASF/common/services/clock/same70/sysclk.o
 .debug_macro   0x00013c80       0x6a src/ASF/common/services/clock/same70/sysclk.o
 .debug_macro   0x00013cea       0xb8 src/ASF/common/services/clock/same70/sysclk.o
 .debug_macro   0x00013da2       0x6a src/ASF/common/services/clock/same70/sysclk.o
 .debug_macro   0x00013e0c       0x2e src/ASF/common/services/clock/same70/sysclk.o
 .debug_macro   0x00013e3a      0x9b1 src/ASF/common/services/clock/same70/sysclk.o
 .debug_macro   0x000147eb       0x6a src/ASF/common/services/clock/same70/sysclk.o
 .debug_macro   0x00014855       0x88 src/ASF/common/services/clock/same70/sysclk.o
 .debug_macro   0x000148dd       0x58 src/ASF/common/services/clock/same70/sysclk.o
 .debug_macro   0x00014935       0xe2 src/ASF/common/services/clock/same70/sysclk.o
 .debug_macro   0x00014a17       0x16 src/ASF/common/services/clock/same70/sysclk.o
 .debug_macro   0x00014a2d       0xe2 src/ASF/common/services/clock/same70/sysclk.o
 .debug_macro   0x00014b0f       0x4c src/ASF/common/services/clock/same70/sysclk.o
 .debug_macro   0x00014b5b       0x16 src/ASF/common/services/clock/same70/sysclk.o
 .debug_macro   0x00014b71       0x4c src/ASF/common/services/clock/same70/sysclk.o
 .debug_macro   0x00014bbd       0x2e src/ASF/common/services/clock/same70/sysclk.o
 .debug_macro   0x00014beb      0x1b5 src/ASF/common/services/clock/same70/sysclk.o
 .debug_macro   0x00014da0      0x1b5 src/ASF/common/services/clock/same70/sysclk.o
 .debug_macro   0x00014f55      0x1b5 src/ASF/common/services/clock/same70/sysclk.o
 .debug_macro   0x0001510a      0x1b5 src/ASF/common/services/clock/same70/sysclk.o
 .debug_macro   0x000152bf      0x1b5 src/ASF/common/services/clock/same70/sysclk.o
 .debug_macro   0x00015474       0x1c src/ASF/common/services/clock/same70/sysclk.o
 .debug_macro   0x00015490       0x2e src/ASF/common/services/clock/same70/sysclk.o
 .debug_macro   0x000154be       0x22 src/ASF/common/services/clock/same70/sysclk.o
 .debug_macro   0x000154e0       0x1c src/ASF/common/services/clock/same70/sysclk.o
 .debug_macro   0x000154fc       0x52 src/ASF/common/services/clock/same70/sysclk.o
 .debug_macro   0x0001554e       0x10 src/ASF/common/services/clock/same70/sysclk.o
 .debug_macro   0x0001555e       0x1c src/ASF/common/services/clock/same70/sysclk.o
 .debug_macro   0x0001557a       0x4c src/ASF/common/services/clock/same70/sysclk.o
 .debug_macro   0x000155c6       0x4c src/ASF/common/services/clock/same70/sysclk.o
 .debug_macro   0x00015612       0x4c src/ASF/common/services/clock/same70/sysclk.o
 .debug_macro   0x0001565e      0x31b src/ASF/common/services/clock/same70/sysclk.o
 .debug_macro   0x00015979     0x1022 src/ASF/common/services/clock/same70/sysclk.o
 .debug_macro   0x0001699b      0x100 src/ASF/common/services/clock/same70/sysclk.o
 .debug_macro   0x00016a9b       0x52 src/ASF/common/services/clock/same70/sysclk.o
 .debug_macro   0x00016aed       0x35 src/ASF/common/services/clock/same70/sysclk.o
 .debug_macro   0x00016b22       0x9c src/ASF/common/services/clock/same70/sysclk.o
 .debug_macro   0x00016bbe       0x16 src/ASF/common/services/clock/same70/sysclk.o
 .debug_macro   0x00016bd4       0x35 src/ASF/common/services/clock/same70/sysclk.o
 .debug_macro   0x00016c09      0x330 src/ASF/common/services/clock/same70/sysclk.o
 .debug_macro   0x00016f39       0x10 src/ASF/common/services/clock/same70/sysclk.o
 .debug_macro   0x00016f49       0x52 src/ASF/common/services/clock/same70/sysclk.o
 .debug_macro   0x00016f9b       0x16 src/ASF/common/services/clock/same70/sysclk.o
 .debug_macro   0x00016fb1       0x43 src/ASF/common/services/clock/same70/sysclk.o
 .debug_macro   0x00016ff4      0x187 src/ASF/common/services/clock/same70/sysclk.o
 .debug_macro   0x0001717b       0x22 src/ASF/common/services/clock/same70/sysclk.o
 .debug_macro   0x0001719d       0x3a src/ASF/common/services/clock/same70/sysclk.o
 .debug_macro   0x000171d7       0x10 src/ASF/common/services/clock/same70/sysclk.o
 .debug_macro   0x000171e7       0x40 src/ASF/common/services/clock/same70/sysclk.o
 .debug_macro   0x00017227       0x6c src/ASF/common/services/clock/same70/sysclk.o
 .debug_macro   0x00017293       0x16 src/ASF/common/services/clock/same70/sysclk.o
 .debug_macro   0x000172a9      0x182 src/ASF/common/services/clock/same70/sysclk.o
 .debug_macro   0x0001742b       0x22 src/ASF/common/services/clock/same70/sysclk.o
 .debug_macro   0x0001744d       0x16 src/ASF/common/services/clock/same70/sysclk.o
 .debug_macro   0x00017463       0x16 src/ASF/common/services/clock/same70/sysclk.o
 .debug_macro   0x00017479       0x29 src/ASF/common/services/clock/same70/sysclk.o
 .debug_macro   0x000174a2       0x75 src/ASF/common/services/clock/same70/sysclk.o
 .debug_macro   0x00017517       0x3f src/ASF/common/services/clock/same70/sysclk.o
 .debug_macro   0x00017556      0x3ca src/ASF/common/services/clock/same70/sysclk.o
 .debug_macro   0x00017920      0x2b9 src/ASF/common/services/clock/same70/sysclk.o
 .debug_macro   0x00017bd9      0x8d6 src/ASF/common/services/clock/same70/sysclk.o
 .debug_macro   0x000184af       0x70 src/ASF/common/services/clock/same70/sysclk.o
 .debug_macro   0x0001851f       0x64 src/ASF/common/services/clock/same70/sysclk.o
 .debug_macro   0x00018583       0x5f src/ASF/common/services/clock/same70/sysclk.o
 .debug_macro   0x000185e2       0xac src/ASF/common/services/clock/same70/sysclk.o
 .debug_macro   0x0001868e      0x637 src/ASF/common/services/delay/sam/cycle_counter.o
 .debug_macro   0x00018cc5       0x22 src/ASF/common/services/delay/sam/cycle_counter.o
 .debug_macro   0x00018ce7      0x627 src/ASF/common/utils/interrupt/interrupt_sam_nvic.o
 .debug_macro   0x0001930e      0x63d src/ASF/sam/drivers/pio/pio.o
 .debug_macro   0x0001994b       0x8e src/ASF/sam/drivers/pio/pio.o
 .debug_macro   0x000199d9      0x648 src/ASF/sam/drivers/pio/pio_handler.o
 .debug_macro   0x0001a021      0x63d src/ASF/sam/drivers/pmc/pmc.o
 .debug_macro   0x0001a65e       0x6a src/ASF/sam/drivers/pmc/pmc.o
 .debug_macro   0x0001a6c8      0x637 src/ASF/sam/drivers/uart/uart.o
 .debug_macro   0x0001acff       0x16 src/ASF/sam/drivers/uart/uart.o
 .debug_macro   0x0001ad15      0x66d src/ASF/sam/drivers/usart/usart.o
 .debug_macro   0x0001b382       0x34 src/ASF/sam/drivers/usart/usart.o
 .debug_macro   0x0001b3b6      0x636 src/ASF/sam/utils/cmsis/same70/source/templates/gcc/startup_same70.o
 .debug_macro   0x0001b9ec       0x10 src/ASF/sam/utils/cmsis/same70/source/templates/gcc/startup_same70.o
 .debug_macro   0x0001b9fc      0x455 src/ASF/sam/utils/cmsis/same70/source/templates/system_same70.o
 .debug_macro   0x0001be51      0x19c src/ASF/sam/utils/syscalls/gcc/syscalls.o
 .debug_macro   0x0001bfed       0x97 src/ASF/sam/utils/syscalls/gcc/syscalls.o
 .debug_macro   0x0001c084       0xf6 src/ASF/sam/utils/syscalls/gcc/syscalls.o
 .debug_macro   0x0001c17a       0x52 src/ASF/sam/utils/syscalls/gcc/syscalls.o
 .debug_macro   0x0001c1cc       0x16 src/ASF/sam/utils/syscalls/gcc/syscalls.o
 .debug_macro   0x0001c1e2       0x10 src/ASF/sam/utils/syscalls/gcc/syscalls.o
 .debug_macro   0x0001c1f2       0x41 src/ASF/sam/utils/syscalls/gcc/syscalls.o
 .debug_macro   0x0001c233      0x122 src/ASF/sam/utils/syscalls/gcc/syscalls.o
 .debug_macro   0x0001c355      0x80a src/main.o
 .debug_macro   0x0001cb5f       0x28 src/main.o
 .debug_macro   0x0001cb87       0x23 src/main.o
 .debug_macro   0x0001cbaa       0x40 src/main.o
 .debug_macro   0x0001cbea       0x88 src/main.o
 .debug_macro   0x0001cc72       0x10 src/main.o
 .debug_macro   0x0001cc82      0x1ce src/main.o
 .debug_macro   0x0001ce50       0x16 src/main.o
 .debug_macro   0x0001ce66       0x1c src/main.o
 .debug_macro   0x0001ce82      0x1ad src/main.o

.debug_line     0x00000000     0x8caf
 .debug_line    0x00000000      0xc3b src/ASF/common/services/clock/same70/sysclk.o
 .debug_line    0x00000c3b      0x9c1 src/ASF/common/services/delay/sam/cycle_counter.o
 .debug_line    0x000015fc      0x9dd src/ASF/common/utils/interrupt/interrupt_sam_nvic.o
 .debug_line    0x00001fd9      0xdeb src/ASF/sam/drivers/pio/pio.o
 .debug_line    0x00002dc4      0xaec src/ASF/sam/drivers/pio/pio_handler.o
 .debug_line    0x000038b0     0x10a5 src/ASF/sam/drivers/pmc/pmc.o
 .debug_line    0x00004955      0xb65 src/ASF/sam/drivers/uart/uart.o
 .debug_line    0x000054ba     0x109b src/ASF/sam/drivers/usart/usart.o
 .debug_line    0x00006555      0xa94 src/ASF/sam/utils/cmsis/same70/source/templates/gcc/startup_same70.o
 .debug_line    0x00006fe9      0x819 src/ASF/sam/utils/cmsis/same70/source/templates/system_same70.o
 .debug_line    0x00007802      0x3da src/ASF/sam/utils/syscalls/gcc/syscalls.o
 .debug_line    0x00007bdc     0x10d3 src/main.o

.debug_str      0x00000000    0x8a9cf
 .debug_str     0x00000000    0x84cf1 src/ASF/common/services/clock/same70/sysclk.o
                              0x8533b (size before relaxing)
 .debug_str     0x00084cf1      0x1b5 src/ASF/common/services/delay/sam/cycle_counter.o
                              0x815e9 (size before relaxing)
 .debug_str     0x00084ea6       0x94 src/ASF/common/utils/interrupt/interrupt_sam_nvic.o
                              0x814b9 (size before relaxing)
 .debug_str     0x00084f3a      0xb31 src/ASF/sam/drivers/pio/pio.o
                              0x8200f (size before relaxing)
 .debug_str     0x00085a6b      0x59e src/ASF/sam/drivers/pio/pio_handler.o
                              0x82080 (size before relaxing)
 .debug_str     0x00086009      0x7c7 src/ASF/sam/drivers/pmc/pmc.o
                              0x82164 (size before relaxing)
 .debug_str     0x000867d0      0x301 src/ASF/sam/drivers/uart/uart.o
                              0x81769 (size before relaxing)
 .debug_str     0x00086ad1      0xb63 src/ASF/sam/drivers/usart/usart.o
                              0x82001 (size before relaxing)
 .debug_str     0x00087634      0x688 src/ASF/sam/utils/cmsis/same70/source/templates/gcc/startup_same70.o
                              0x81c5f (size before relaxing)
 .debug_str     0x00087cbc      0x1aa src/ASF/sam/utils/cmsis/same70/source/templates/system_same70.o
                              0x72696 (size before relaxing)
 .debug_str     0x00087e66      0x78d src/ASF/sam/utils/syscalls/gcc/syscalls.o
                               0x69fb (size before relaxing)
 .debug_str     0x000885f3     0x23dc src/main.o
                              0x88471 (size before relaxing)

.debug_frame    0x00000000     0x3594
 .debug_frame   0x00000000      0x240 src/ASF/common/services/clock/same70/sysclk.o
 .debug_frame   0x00000240       0x20 src/ASF/common/services/delay/sam/cycle_counter.o
 .debug_frame   0x00000260       0x58 src/ASF/common/utils/interrupt/interrupt_sam_nvic.o
 .debug_frame   0x000002b8      0x7c0 src/ASF/sam/drivers/pio/pio.o
 .debug_frame   0x00000a78      0x1d0 src/ASF/sam/drivers/pio/pio_handler.o
 .debug_frame   0x00000c48      0xa58 src/ASF/sam/drivers/pmc/pmc.o
 .debug_frame   0x000016a0      0x3d0 src/ASF/sam/drivers/uart/uart.o
 .debug_frame   0x00001a70      0xd4c src/ASF/sam/drivers/usart/usart.o
 .debug_frame   0x000027bc       0xbc src/ASF/sam/utils/cmsis/same70/source/templates/gcc/startup_same70.o
 .debug_frame   0x00002878       0x78 src/ASF/sam/utils/cmsis/same70/source/templates/system_same70.o
 .debug_frame   0x000028f0      0x170 src/ASF/sam/utils/syscalls/gcc/syscalls.o
 .debug_frame   0x00002a60      0x29c src/main.o
 .debug_frame   0x00002cfc       0x2c c:/program files (x86)/atmel/studio/7.0/toolchain/arm/arm-gnu-toolchain/bin/../lib/gcc/arm-none-eabi/5.3.1/armv7e-m\libgcc.a(_aeabi_uldivmod.o)
 .debug_frame   0x00002d28       0x34 c:/program files (x86)/atmel/studio/7.0/toolchain/arm/arm-gnu-toolchain/bin/../lib/gcc/arm-none-eabi/5.3.1/armv7e-m\libgcc.a(_udivmoddi4.o)
 .debug_frame   0x00002d5c       0x2c c:/program files (x86)/atmel/studio/7.0/toolchain/arm/arm-gnu-toolchain/bin/../lib/gcc/arm-none-eabi/5.3.1/../../../../arm-none-eabi/lib/armv7e-m\libc.a(lib_a-init.o)
 .debug_frame   0x00002d88       0x34 c:/program files (x86)/atmel/studio/7.0/toolchain/arm/arm-gnu-toolchain/bin/../lib/gcc/arm-none-eabi/5.3.1/../../../../arm-none-eabi/lib/armv7e-m\libc.a(lib_a-memset.o)
 .debug_frame   0x00002dbc       0x84 c:/program files (x86)/atmel/studio/7.0/toolchain/arm/arm-gnu-toolchain/bin/../lib/gcc/arm-none-eabi/5.3.1/../../../../arm-none-eabi/lib/armv7e-m\libc.a(lib_a-sprintf.o)
 .debug_frame   0x00002e40       0x44 c:/program files (x86)/atmel/studio/7.0/toolchain/arm/arm-gnu-toolchain/bin/../lib/gcc/arm-none-eabi/5.3.1/../../../../arm-none-eabi/lib/armv7e-m\libc.a(lib_a-svfprintf.o)
 .debug_frame   0x00002e84       0x50 c:/program files (x86)/atmel/studio/7.0/toolchain/arm/arm-gnu-toolchain/bin/../lib/gcc/arm-none-eabi/5.3.1/../../../../arm-none-eabi/lib/armv7e-m\libc.a(lib_a-__call_atexit.o)
 .debug_frame   0x00002ed4       0x20 c:/program files (x86)/atmel/studio/7.0/toolchain/arm/arm-gnu-toolchain/bin/../lib/gcc/arm-none-eabi/5.3.1/../../../../arm-none-eabi/lib/armv7e-m\libc.a(lib_a-atexit.o)
 .debug_frame   0x00002ef4       0x88 c:/program files (x86)/atmel/studio/7.0/toolchain/arm/arm-gnu-toolchain/bin/../lib/gcc/arm-none-eabi/5.3.1/../../../../arm-none-eabi/lib/armv7e-m\libc.a(lib_a-dtoa.o)
 .debug_frame   0x00002f7c       0x34 c:/program files (x86)/atmel/studio/7.0/toolchain/arm/arm-gnu-toolchain/bin/../lib/gcc/arm-none-eabi/5.3.1/../../../../arm-none-eabi/lib/armv7e-m\libc.a(lib_a-fini.o)
 .debug_frame   0x00002fb0       0x9c c:/program files (x86)/atmel/studio/7.0/toolchain/arm/arm-gnu-toolchain/bin/../lib/gcc/arm-none-eabi/5.3.1/../../../../arm-none-eabi/lib/armv7e-m\libc.a(lib_a-locale.o)
 .debug_frame   0x0000304c       0x58 c:/program files (x86)/atmel/studio/7.0/toolchain/arm/arm-gnu-toolchain/bin/../lib/gcc/arm-none-eabi/5.3.1/../../../../arm-none-eabi/lib/armv7e-m\libc.a(lib_a-mallocr.o)
 .debug_frame   0x000030a4       0x30 c:/program files (x86)/atmel/studio/7.0/toolchain/arm/arm-gnu-toolchain/bin/../lib/gcc/arm-none-eabi/5.3.1/../../../../arm-none-eabi/lib/armv7e-m\libc.a(lib_a-mlock.o)
 .debug_frame   0x000030d4      0x264 c:/program files (x86)/atmel/studio/7.0/toolchain/arm/arm-gnu-toolchain/bin/../lib/gcc/arm-none-eabi/5.3.1/../../../../arm-none-eabi/lib/armv7e-m\libc.a(lib_a-mprec.o)
 .debug_frame   0x00003338       0x2c c:/program files (x86)/atmel/studio/7.0/toolchain/arm/arm-gnu-toolchain/bin/../lib/gcc/arm-none-eabi/5.3.1/../../../../arm-none-eabi/lib/armv7e-m\libc.a(lib_a-sbrkr.o)
 .debug_frame   0x00003364       0x78 c:/program files (x86)/atmel/studio/7.0/toolchain/arm/arm-gnu-toolchain/bin/../lib/gcc/arm-none-eabi/5.3.1/../../../../arm-none-eabi/lib/armv7e-m\libc.a(lib_a-svfiprintf.o)
 .debug_frame   0x000033dc       0x34 c:/program files (x86)/atmel/studio/7.0/toolchain/arm/arm-gnu-toolchain/bin/../lib/gcc/arm-none-eabi/5.3.1/../../../../arm-none-eabi/lib/armv7e-m\libc.a(lib_a-__atexit.o)
 .debug_frame   0x00003410       0x28 c:/program files (x86)/atmel/studio/7.0/toolchain/arm/arm-gnu-toolchain/bin/../lib/gcc/arm-none-eabi/5.3.1/../../../../arm-none-eabi/lib/armv7e-m\libc.a(lib_a-callocr.o)
 .debug_frame   0x00003438       0x74 c:/program files (x86)/atmel/studio/7.0/toolchain/arm/arm-gnu-toolchain/bin/../lib/gcc/arm-none-eabi/5.3.1/../../../../arm-none-eabi/lib/armv7e-m\libc.a(lib_a-freer.o)
 .debug_frame   0x000034ac       0x30 c:/program files (x86)/atmel/studio/7.0/toolchain/arm/arm-gnu-toolchain/bin/../lib/gcc/arm-none-eabi/5.3.1/../../../../arm-none-eabi/lib/armv7e-m\libc.a(lib_a-memmove.o)
 .debug_frame   0x000034dc       0x60 c:/program files (x86)/atmel/studio/7.0/toolchain/arm/arm-gnu-toolchain/bin/../lib/gcc/arm-none-eabi/5.3.1/../../../../arm-none-eabi/lib/armv7e-m\libc.a(lib_a-reallocr.o)
 .debug_frame   0x0000353c       0x58 c:/program files (x86)/atmel/studio/7.0/toolchain/arm/arm-gnu-toolchain/bin/../lib/gcc/arm-none-eabi/5.3.1/../../../../arm-none-eabi/lib/armv7e-m\libc.a(lib_a-reent.o)

Cross Reference Table

Symbol                                            File
ACC_Handler                                       src/ASF/sam/utils/cmsis/same70/source/templates/gcc/startup_same70.o
AES_Handler                                       src/ASF/sam/utils/cmsis/same70/source/templates/gcc/startup_same70.o
AFEC0_Handler                                     src/ASF/sam/utils/cmsis/same70/source/templates/gcc/startup_same70.o
AFEC1_Handler                                     src/ASF/sam/utils/cmsis/same70/source/templates/gcc/startup_same70.o
BUT_init                                          src/main.o
BusFault_Handler                                  src/ASF/sam/utils/cmsis/same70/source/templates/gcc/startup_same70.o
DACC_Handler                                      src/ASF/sam/utils/cmsis/same70/source/templates/gcc/startup_same70.o
DebugMon_Handler                                  src/ASF/sam/utils/cmsis/same70/source/templates/gcc/startup_same70.o
Dummy_Handler                                     src/ASF/sam/utils/cmsis/same70/source/templates/gcc/startup_same70.o
EFC_Handler                                       src/ASF/sam/utils/cmsis/same70/source/templates/gcc/startup_same70.o
GMAC_Handler                                      src/ASF/sam/utils/cmsis/same70/source/templates/gcc/startup_same70.o
HSMCI_Handler                                     src/ASF/sam/utils/cmsis/same70/source/templates/gcc/startup_same70.o
HardFault_Handler                                 src/ASF/sam/utils/cmsis/same70/source/templates/gcc/startup_same70.o
ICM_Handler                                       src/ASF/sam/utils/cmsis/same70/source/templates/gcc/startup_same70.o
ISI_Handler                                       src/ASF/sam/utils/cmsis/same70/source/templates/gcc/startup_same70.o
LED_init                                          src/main.o
MCAN0_Handler                                     src/ASF/sam/utils/cmsis/same70/source/templates/gcc/startup_same70.o
MCAN1_Handler                                     src/ASF/sam/utils/cmsis/same70/source/templates/gcc/startup_same70.o
MemManage_Handler                                 src/ASF/sam/utils/cmsis/same70/source/templates/gcc/startup_same70.o
NMI_Handler                                       src/ASF/sam/utils/cmsis/same70/source/templates/gcc/startup_same70.o
PIOA_Handler                                      src/ASF/sam/drivers/pio/pio_handler.o
PIOB_Handler                                      src/ASF/sam/drivers/pio/pio_handler.o
PIOC_Handler                                      src/ASF/sam/drivers/pio/pio_handler.o
PIOD_Handler                                      src/ASF/sam/drivers/pio/pio_handler.o
PIOE_Handler                                      src/ASF/sam/drivers/pio/pio_handler.o
PMC_Handler                                       src/ASF/sam/utils/cmsis/same70/source/templates/gcc/startup_same70.o
PWM0_Handler                                      src/ASF/sam/utils/cmsis/same70/source/templates/gcc/startup_same70.o
PWM1_Handler                                      src/ASF/sam/utils/cmsis/same70/source/templates/gcc/startup_same70.o
PendSV_Handler                                    src/ASF/sam/utils/cmsis/same70/source/templates/gcc/startup_same70.o
QSPI_Handler                                      src/ASF/sam/utils/cmsis/same70/source/templates/gcc/startup_same70.o
RSTC_Handler                                      src/ASF/sam/utils/cmsis/same70/source/templates/gcc/startup_same70.o
RSWDT_Handler                                     src/ASF/sam/utils/cmsis/same70/source/templates/gcc/startup_same70.o
RTC_Handler                                       src/ASF/sam/utils/cmsis/same70/source/templates/gcc/startup_same70.o
RTT_Handler                                       src/ASF/sam/utils/cmsis/same70/source/templates/gcc/startup_same70.o
Reset_Handler                                     src/ASF/sam/utils/cmsis/same70/source/templates/gcc/startup_same70.o
SDRAMC_Handler                                    src/ASF/sam/utils/cmsis/same70/source/templates/gcc/startup_same70.o
SPI0_Handler                                      src/ASF/sam/utils/cmsis/same70/source/templates/gcc/startup_same70.o
SPI1_Handler                                      src/ASF/sam/utils/cmsis/same70/source/templates/gcc/startup_same70.o
SSC_Handler                                       src/ASF/sam/utils/cmsis/same70/source/templates/gcc/startup_same70.o
SUPC_Handler                                      src/ASF/sam/utils/cmsis/same70/source/templates/gcc/startup_same70.o
SVC_Handler                                       src/ASF/sam/utils/cmsis/same70/source/templates/gcc/startup_same70.o
SysTick_Handler                                   src/ASF/sam/utils/cmsis/same70/source/templates/gcc/startup_same70.o
SystemCoreClock                                   src/ASF/sam/utils/cmsis/same70/source/templates/system_same70.o
SystemCoreClockUpdate                             src/ASF/sam/utils/cmsis/same70/source/templates/system_same70.o
                                                  src/ASF/common/services/clock/same70/sysclk.o
SystemInit                                        src/ASF/sam/utils/cmsis/same70/source/templates/system_same70.o
TC0_Handler                                       src/ASF/sam/utils/cmsis/same70/source/templates/gcc/startup_same70.o
TC10_Handler                                      src/ASF/sam/utils/cmsis/same70/source/templates/gcc/startup_same70.o
TC11_Handler                                      src/ASF/sam/utils/cmsis/same70/source/templates/gcc/startup_same70.o
TC1_Handler                                       src/ASF/sam/utils/cmsis/same70/source/templates/gcc/startup_same70.o
TC2_Handler                                       src/ASF/sam/utils/cmsis/same70/source/templates/gcc/startup_same70.o
TC3_Handler                                       src/ASF/sam/utils/cmsis/same70/source/templates/gcc/startup_same70.o
TC4_Handler                                       src/ASF/sam/utils/cmsis/same70/source/templates/gcc/startup_same70.o
TC5_Handler                                       src/ASF/sam/utils/cmsis/same70/source/templates/gcc/startup_same70.o
TC6_Handler                                       src/ASF/sam/utils/cmsis/same70/source/templates/gcc/startup_same70.o
TC7_Handler                                       src/ASF/sam/utils/cmsis/same70/source/templates/gcc/startup_same70.o
TC8_Handler                                       src/ASF/sam/utils/cmsis/same70/source/templates/gcc/startup_same70.o
TC9_Handler                                       src/ASF/sam/utils/cmsis/same70/source/templates/gcc/startup_same70.o
TRNG_Handler                                      src/ASF/sam/utils/cmsis/same70/source/templates/gcc/startup_same70.o
TWIHS0_Handler                                    src/ASF/sam/utils/cmsis/same70/source/templates/gcc/startup_same70.o
TWIHS1_Handler                                    src/ASF/sam/utils/cmsis/same70/source/templates/gcc/startup_same70.o
TWIHS2_Handler                                    src/ASF/sam/utils/cmsis/same70/source/templates/gcc/startup_same70.o
UART0_Handler                                     src/ASF/sam/utils/cmsis/same70/source/templates/gcc/startup_same70.o
UART1_Handler                                     src/ASF/sam/utils/cmsis/same70/source/templates/gcc/startup_same70.o
UART2_Handler                                     src/ASF/sam/utils/cmsis/same70/source/templates/gcc/startup_same70.o
UART3_Handler                                     src/ASF/sam/utils/cmsis/same70/source/templates/gcc/startup_same70.o
UART4_Handler                                     src/ASF/sam/utils/cmsis/same70/source/templates/gcc/startup_same70.o
USART0_Handler                                    src/ASF/sam/utils/cmsis/same70/source/templates/gcc/startup_same70.o
USART1_Handler                                    src/main.o
                                                  src/ASF/sam/utils/cmsis/same70/source/templates/gcc/startup_same70.o
USART2_Handler                                    src/ASF/sam/utils/cmsis/same70/source/templates/gcc/startup_same70.o
USBHS_Handler                                     src/ASF/sam/utils/cmsis/same70/source/templates/gcc/startup_same70.o
UsageFault_Handler                                src/ASF/sam/utils/cmsis/same70/source/templates/gcc/startup_same70.o
WDT_Handler                                       src/ASF/sam/utils/cmsis/same70/source/templates/gcc/startup_same70.o
XDMAC_Handler                                     src/ASF/sam/utils/cmsis/same70/source/templates/gcc/startup_same70.o
_Balloc                                           c:/program files (x86)/atmel/studio/7.0/toolchain/arm/arm-gnu-toolchain/bin/../lib/gcc/arm-none-eabi/5.3.1/../../../../arm-none-eabi/lib/armv7e-m\libc.a(lib_a-mprec.o)
                                                  c:/program files (x86)/atmel/studio/7.0/toolchain/arm/arm-gnu-toolchain/bin/../lib/gcc/arm-none-eabi/5.3.1/../../../../arm-none-eabi/lib/armv7e-m\libc.a(lib_a-dtoa.o)
_Bfree                                            c:/program files (x86)/atmel/studio/7.0/toolchain/arm/arm-gnu-toolchain/bin/../lib/gcc/arm-none-eabi/5.3.1/../../../../arm-none-eabi/lib/armv7e-m\libc.a(lib_a-mprec.o)
                                                  c:/program files (x86)/atmel/studio/7.0/toolchain/arm/arm-gnu-toolchain/bin/../lib/gcc/arm-none-eabi/5.3.1/../../../../arm-none-eabi/lib/armv7e-m\libc.a(lib_a-dtoa.o)
_Jv_RegisterClasses                               c:/program files (x86)/atmel/studio/7.0/toolchain/arm/arm-gnu-toolchain/bin/../lib/gcc/arm-none-eabi/5.3.1/armv7e-m/crtbegin.o
_PathLocale                                       c:/program files (x86)/atmel/studio/7.0/toolchain/arm/arm-gnu-toolchain/bin/../lib/gcc/arm-none-eabi/5.3.1/../../../../arm-none-eabi/lib/armv7e-m\libc.a(lib_a-locale.o)
__adddf3                                          c:/program files (x86)/atmel/studio/7.0/toolchain/arm/arm-gnu-toolchain/bin/../lib/gcc/arm-none-eabi/5.3.1/armv7e-m\libgcc.a(_arm_addsubdf3.o)
__aeabi_cdcmpeq                                   c:/program files (x86)/atmel/studio/7.0/toolchain/arm/arm-gnu-toolchain/bin/../lib/gcc/arm-none-eabi/5.3.1/armv7e-m\libgcc.a(_arm_cmpdf2.o)
__aeabi_cdcmple                                   c:/program files (x86)/atmel/studio/7.0/toolchain/arm/arm-gnu-toolchain/bin/../lib/gcc/arm-none-eabi/5.3.1/armv7e-m\libgcc.a(_arm_cmpdf2.o)
__aeabi_cdrcmple                                  c:/program files (x86)/atmel/studio/7.0/toolchain/arm/arm-gnu-toolchain/bin/../lib/gcc/arm-none-eabi/5.3.1/armv7e-m\libgcc.a(_arm_cmpdf2.o)
__aeabi_d2iz                                      c:/program files (x86)/atmel/studio/7.0/toolchain/arm/arm-gnu-toolchain/bin/../lib/gcc/arm-none-eabi/5.3.1/armv7e-m\libgcc.a(_arm_fixdfsi.o)
                                                  c:/program files (x86)/atmel/studio/7.0/toolchain/arm/arm-gnu-toolchain/bin/../lib/gcc/arm-none-eabi/5.3.1/../../../../arm-none-eabi/lib/armv7e-m\libc.a(lib_a-dtoa.o)
__aeabi_dadd                                      c:/program files (x86)/atmel/studio/7.0/toolchain/arm/arm-gnu-toolchain/bin/../lib/gcc/arm-none-eabi/5.3.1/armv7e-m\libgcc.a(_arm_addsubdf3.o)
                                                  c:/program files (x86)/atmel/studio/7.0/toolchain/arm/arm-gnu-toolchain/bin/../lib/gcc/arm-none-eabi/5.3.1/../../../../arm-none-eabi/lib/armv7e-m\libc.a(lib_a-dtoa.o)
__aeabi_dcmpeq                                    c:/program files (x86)/atmel/studio/7.0/toolchain/arm/arm-gnu-toolchain/bin/../lib/gcc/arm-none-eabi/5.3.1/armv7e-m\libgcc.a(_arm_cmpdf2.o)
                                                  c:/program files (x86)/atmel/studio/7.0/toolchain/arm/arm-gnu-toolchain/bin/../lib/gcc/arm-none-eabi/5.3.1/../../../../arm-none-eabi/lib/armv7e-m\libc.a(lib_a-dtoa.o)
                                                  c:/program files (x86)/atmel/studio/7.0/toolchain/arm/arm-gnu-toolchain/bin/../lib/gcc/arm-none-eabi/5.3.1/../../../../arm-none-eabi/lib/armv7e-m\libc.a(lib_a-svfprintf.o)
__aeabi_dcmpge                                    c:/program files (x86)/atmel/studio/7.0/toolchain/arm/arm-gnu-toolchain/bin/../lib/gcc/arm-none-eabi/5.3.1/armv7e-m\libgcc.a(_arm_cmpdf2.o)
                                                  c:/program files (x86)/atmel/studio/7.0/toolchain/arm/arm-gnu-toolchain/bin/../lib/gcc/arm-none-eabi/5.3.1/../../../../arm-none-eabi/lib/armv7e-m\libc.a(lib_a-dtoa.o)
__aeabi_dcmpgt                                    c:/program files (x86)/atmel/studio/7.0/toolchain/arm/arm-gnu-toolchain/bin/../lib/gcc/arm-none-eabi/5.3.1/armv7e-m\libgcc.a(_arm_cmpdf2.o)